Archive member included to satisfy reference by file (symbol)

C:\Users\mkamuda\Documents\Projects\RCController_v3\RCController_v3\ArduinoCore\Debug\libArduinoCore.a(HardwareSerial.o)
                              hardware_serial_wrapper.o (_ZN14HardwareSerial5beginEmh)
C:\Users\mkamuda\Documents\Projects\RCController_v3\RCController_v3\ArduinoCore\Debug\libArduinoCore.a(HardwareSerial0.o)
                              hardware_serial_wrapper.o (Serial)
C:\Users\mkamuda\Documents\Projects\RCController_v3\RCController_v3\ArduinoCore\Debug\libArduinoCore.a(main.o)
                              C:/Program Files (x86)/Atmel/Studio/7.0/Packs/atmel/ATmega_DFP/1.2.132/gcc/dev/atmega2560/avr6/crtatmega2560.o (main)
C:\Users\mkamuda\Documents\Projects\RCController_v3\RCController_v3\ArduinoCore\Debug\libArduinoCore.a(new.o)
                              LiquidCrystal.o (_Znwj)
C:\Users\mkamuda\Documents\Projects\RCController_v3\RCController_v3\ArduinoCore\Debug\libArduinoCore.a(Print.o)
                              LiquidCrystal.o (_ZN5Print5writeEPKhj)
C:\Users\mkamuda\Documents\Projects\RCController_v3\RCController_v3\ArduinoCore\Debug\libArduinoCore.a(WInterrupts.o)
                              controller.o (attachInterrupt)
C:\Users\mkamuda\Documents\Projects\RCController_v3\RCController_v3\ArduinoCore\Debug\libArduinoCore.a(wiring.o)
                              controller.o (delay)
C:\Users\mkamuda\Documents\Projects\RCController_v3\RCController_v3\ArduinoCore\Debug\libArduinoCore.a(wiring_analog.o)
                              controller.o (analogRead)
C:\Users\mkamuda\Documents\Projects\RCController_v3\RCController_v3\ArduinoCore\Debug\libArduinoCore.a(wiring_digital.o)
                              controller.o (pinMode)
C:\Users\mkamuda\Documents\Projects\RCController_v3\RCController_v3\ArduinoCore\Debug\libArduinoCore.a(wiring_shift.o)
                              led_shift_register.o (shiftOut)
C:\Users\mkamuda\Documents\Projects\RCController_v3\RCController_v3\ArduinoCore\Debug\libArduinoCore.a(abi.o)
                              C:\Users\mkamuda\Documents\Projects\RCController_v3\RCController_v3\ArduinoCore\Debug\libArduinoCore.a(Print.o) (__cxa_pure_virtual)
C:\Users\mkamuda\Documents\Projects\RCController_v3\RCController_v3\ArduinoCore\Debug\libArduinoCore.a(hooks.o)
                              C:\Users\mkamuda\Documents\Projects\RCController_v3\RCController_v3\ArduinoCore\Debug\libArduinoCore.a(wiring.o) (yield)
c:/program files (x86)/atmel/studio/7.0/toolchain/avr8/avr8-gnu-toolchain/bin/../lib/gcc/avr/5.4.0/../../../../avr/lib/avr6\libm.a(addsf3.o)
                              C:\Users\mkamuda\Documents\Projects\RCController_v3\RCController_v3\ArduinoCore\Debug\libArduinoCore.a(Print.o) (__subsf3)
c:/program files (x86)/atmel/studio/7.0/toolchain/avr8/avr8-gnu-toolchain/bin/../lib/gcc/avr/5.4.0/../../../../avr/lib/avr6\libm.a(addsf3x.o)
                              c:/program files (x86)/atmel/studio/7.0/toolchain/avr8/avr8-gnu-toolchain/bin/../lib/gcc/avr/5.4.0/../../../../avr/lib/avr6\libm.a(addsf3.o) (__addsf3x)
c:/program files (x86)/atmel/studio/7.0/toolchain/avr8/avr8-gnu-toolchain/bin/../lib/gcc/avr/5.4.0/../../../../avr/lib/avr6\libm.a(cmpsf2.o)
                              C:\Users\mkamuda\Documents\Projects\RCController_v3\RCController_v3\ArduinoCore\Debug\libArduinoCore.a(Print.o) (__ltsf2)
c:/program files (x86)/atmel/studio/7.0/toolchain/avr8/avr8-gnu-toolchain/bin/../lib/gcc/avr/5.4.0/../../../../avr/lib/avr6\libm.a(divsf3.o)
                              C:\Users\mkamuda\Documents\Projects\RCController_v3\RCController_v3\ArduinoCore\Debug\libArduinoCore.a(Print.o) (__divsf3)
c:/program files (x86)/atmel/studio/7.0/toolchain/avr8/avr8-gnu-toolchain/bin/../lib/gcc/avr/5.4.0/../../../../avr/lib/avr6\libm.a(divsf3x.o)
                              c:/program files (x86)/atmel/studio/7.0/toolchain/avr8/avr8-gnu-toolchain/bin/../lib/gcc/avr/5.4.0/../../../../avr/lib/avr6\libm.a(divsf3.o) (__divsf3x)
c:/program files (x86)/atmel/studio/7.0/toolchain/avr8/avr8-gnu-toolchain/bin/../lib/gcc/avr/5.4.0/../../../../avr/lib/avr6\libm.a(fixunssfsi.o)
                              C:\Users\mkamuda\Documents\Projects\RCController_v3\RCController_v3\ArduinoCore\Debug\libArduinoCore.a(Print.o) (__fixunssfsi)
c:/program files (x86)/atmel/studio/7.0/toolchain/avr8/avr8-gnu-toolchain/bin/../lib/gcc/avr/5.4.0/../../../../avr/lib/avr6\libm.a(floatsisf.o)
                              C:\Users\mkamuda\Documents\Projects\RCController_v3\RCController_v3\ArduinoCore\Debug\libArduinoCore.a(Print.o) (__floatunsisf)
c:/program files (x86)/atmel/studio/7.0/toolchain/avr8/avr8-gnu-toolchain/bin/../lib/gcc/avr/5.4.0/../../../../avr/lib/avr6\libm.a(fp_cmp.o)
                              c:/program files (x86)/atmel/studio/7.0/toolchain/avr8/avr8-gnu-toolchain/bin/../lib/gcc/avr/5.4.0/../../../../avr/lib/avr6\libm.a(cmpsf2.o) (__fp_cmp)
[...]
Memory Configuration

Name             Origin             Length             Attributes
text             0x00000000         0x00100000         xr
data             0x00800200         0x0000fe00         rw !x
eeprom           0x00810000         0x00010000         rw !x
fuse             0x00820000         0x00000003         rw !x
lock             0x00830000         0x00000400         rw !x
signature        0x00840000         0x00000400         rw !x
user_signatures  0x00850000         0x00000400         rw !x
*default*        0x00000000         0xffffffff

Linker script and memory map

Address of section .data set to 0x800200
LOAD C:/Program Files (x86)/Atmel/Studio/7.0/Packs/atmel/ATmega_DFP/1.2.132/gcc/dev/atmega2560/avr6/crtatmega2560.o
LOAD analog_joystick.o
LOAD controller.o
LOAD hardware_serial_wrapper.o
LOAD led_shift_register.o
LOAD light_control_leds.o
LOAD LiquidCrystal.o
LOAD liquid_crystal_wrapper.o
LOAD sketch.o
LOAD tact_switch_board.o
START GROUP
LOAD c:/program files (x86)/atmel/studio/7.0/toolchain/avr8/avr8-gnu-toolchain/bin/../lib/gcc/avr/5.4.0/../../../../avr/lib/avr6\libm.a
LOAD C:\Users\mkamuda\Documents\Projects\RCController_v3\RCController_v3\ArduinoCore\Debug\libArduinoCore.a
END GROUP
LOAD c:/program files (x86)/atmel/studio/7.0/toolchain/avr8/avr8-gnu-toolchain/bin/../lib/gcc/avr/5.4.0/avr6\libgcc.a
LOAD c:/program files (x86)/atmel/studio/7.0/toolchain/avr8/avr8-gnu-toolchain/bin/../lib/gcc/avr/5.4.0/../../../../avr/lib/avr6\libm.a
START GROUP
LOAD c:/program files (x86)/atmel/studio/7.0/toolchain/avr8/avr8-gnu-toolchain/bin/../lib/gcc/avr/5.4.0/avr6\libgcc.a
LOAD c:/program files (x86)/atmel/studio/7.0/toolchain/avr8/avr8-gnu-toolchain/bin/../lib/gcc/avr/5.4.0/../../../../avr/lib/avr6\libm.a
LOAD c:/program files (x86)/atmel/studio/7.0/toolchain/avr8/avr8-gnu-toolchain/bin/../lib/gcc/avr/5.4.0/../../../../avr/lib/avr6\libc.a
LOAD C:/Program Files (x86)/Atmel/Studio/7.0/Packs/atmel/ATmega_DFP/1.2.132/gcc/dev/atmega2560/avr6\libatmega2560.a
END GROUP
                0x00100000                __TEXT_REGION_LENGTH__ = DEFINED (__TEXT_REGION_LENGTH__)?__TEXT_REGION_LENGTH__:0x100000
                0x0000fe00                __DATA_REGION_LENGTH__ = DEFINED (__DATA_REGION_LENGTH__)?__DATA_REGION_LENGTH__:0xfe00
                0x00010000                __EEPROM_REGION_LENGTH__ = DEFINED (__EEPROM_REGION_LENGTH__)?__EEPROM_REGION_LENGTH__:0x10000
                [0x00000003]                __FUSE_REGION_LENGTH__ = DEFINED (__FUSE_REGION_LENGTH__)?__FUSE_REGION_LENGTH__:0x400
                0x00000400                __LOCK_REGION_LENGTH__ = DEFINED (__LOCK_REGION_LENGTH__)?__LOCK_REGION_LENGTH__:0x400
                0x00000400                __SIGNATURE_REGION_LENGTH__ = DEFINED (__SIGNATURE_REGION_LENGTH__)?__SIGNATURE_REGION_LENGTH__:0x400
                0x00000400                __USER_SIGNATURE_REGION_LENGTH__ = DEFINED (__USER_SIGNATURE_REGION_LENGTH__)?__USER_SIGNATURE_REGION_LENGTH__:0x400

.hash
 *(.hash)

.dynsym
 *(.dynsym)

.dynstr
 *(.dynstr)

.gnu.version
 *(.gnu.version)

.gnu.version_d
 *(.gnu.version_d)

.gnu.version_r
 *(.gnu.version_r)

.rel.init
 *(.rel.init)

.rela.init
 *(.rela.init)

.rel.text
 *(.rel.text)
 *(.rel.text.*)
 *(.rel.gnu.linkonce.t*)

.rela.text
 *(.rela.text)
 *(.rela.text.*)
 *(.rela.gnu.linkonce.t*)

.rel.fini
 *(.rel.fini)

.rela.fini
 *(.rela.fini)

.rel.rodata
 *(.rel.rodata)
 *(.rel.rodata.*)
 *(.rel.gnu.linkonce.r*)

.rela.rodata
 *(.rela.rodata)
 *(.rela.rodata.*)
 *(.rela.gnu.linkonce.r*)

.rel.data
 *(.rel.data)
 *(.rel.data.*)
 *(.rel.gnu.linkonce.d*)

.rela.data
 *(.rela.data)
 *(.rela.data.*)
 *(.rela.gnu.linkonce.d*)

.rel.ctors
 *(.rel.ctors)

.rela.ctors
 *(.rela.ctors)

.rel.dtors
 *(.rel.dtors)

.rela.dtors
 *(.rela.dtors)

.rel.got
 *(.rel.got)

.rela.got
 *(.rela.got)

.rel.bss
 *(.rel.bss)

.rela.bss
 *(.rela.bss)

.rel.plt
 *(.rel.plt)

.rela.plt
 *(.rela.plt)

.text           0x00000000     0x1984
 *(.vectors)
 .vectors       0x00000000       0xe4 C:/Program Files (x86)/Atmel/Studio/7.0/Packs/atmel/ATmega_DFP/1.2.132/gcc/dev/atmega2560/avr6/crtatmega2560.o
                0x00000000                __vector_default
                0x00000000                __vectors
 *(.vectors)
 *(.progmem.gcc*)
 .progmem.gcc_sw_table.attachInterrupt
                0x000000e4        0xe C:\Users\mkamuda\Documents\Projects\RCController_v3\RCController_v3\ArduinoCore\Debug\libArduinoCore.a(WInterrupts.o)
 .progmem.gcc_sw_table.turnOffPWM
                0x000000f2       0x24 C:\Users\mkamuda\Documents\Projects\RCController_v3\RCController_v3\ArduinoCore\Debug\libArduinoCore.a(wiring_digital.o)
                0x00000116                . = ALIGN (0x2)
                0x00000116                __trampolines_start = .
 *(.trampolines)
 .trampolines   0x00000116        0x0 linker stubs
 *(.trampolines*)
                0x00000116                __trampolines_end = .
 *libprintf_flt.a:*(.progmem.data)
 *libc.a:*(.progmem.data)
 *(.progmem*)
 .progmem.data.digital_pin_to_timer_PGM
                0x00000116       0x46 C:\Users\mkamuda\Documents\Projects\RCController_v3\RCController_v3\ArduinoCore\Debug\libArduinoCore.a(wiring_digital.o)
                0x00000116                digital_pin_to_timer_PGM
 .progmem.data.digital_pin_to_bit_mask_PGM
                0x0000015c       0x46 C:\Users\mkamuda\Documents\Projects\RCController_v3\RCController_v3\ArduinoCore\Debug\libArduinoCore.a(wiring_digital.o)
                0x0000015c                digital_pin_to_bit_mask_PGM
 .progmem.data.digital_pin_to_port_PGM
                0x000001a2       0x46 C:\Users\mkamuda\Documents\Projects\RCController_v3\RCController_v3\ArduinoCore\Debug\libArduinoCore.a(wiring_digital.o)
                0x000001a2                digital_pin_to_port_PGM
 .progmem.data.port_to_output_PGM
                0x000001e8       0x1a C:\Users\mkamuda\Documents\Projects\RCController_v3\RCController_v3\ArduinoCore\Debug\libArduinoCore.a(wiring_digital.o)
                0x000001e8                port_to_output_PGM
 .progmem.data.port_to_mode_PGM
                0x00000202       0x1a C:\Users\mkamuda\Documents\Projects\RCController_v3\RCController_v3\ArduinoCore\Debug\libArduinoCore.a(wiring_digital.o)
                0x00000202                port_to_mode_PGM
                0x0000021c                . = ALIGN (0x2)
 *(.jumptables)
 *(.jumptables*)
 *(.lowtext)
 *(.lowtext*)
                0x0000021c                __ctors_start = .
 *(.ctors)
 .ctors         0x0000021c        0x2 C:\Users\mkamuda\Documents\Projects\RCController_v3\RCController_v3\ArduinoCore\Debug\libArduinoCore.a(HardwareSerial0.o)
                0x0000021e                __ctors_end = .
                0x0000021e                __dtors_start = .
 *(.dtors)
                0x0000021e                __dtors_end = .
 SORT(*)(.ctors)
 SORT(*)(.dtors)
 *(.init0)
 .init0         0x0000021e        0x0 C:/Program Files (x86)/Atmel/Studio/7.0/Packs/atmel/ATmega_DFP/1.2.132/gcc/dev/atmega2560/avr6/crtatmega2560.o
                0x0000021e                __init
 *(.init0)
 *(.init1)
 *(.init1)
 *(.init2)
 .init2         0x0000021e       0x10 C:/Program Files (x86)/Atmel/Studio/7.0/Packs/atmel/ATmega_DFP/1.2.132/gcc/dev/atmega2560/avr6/crtatmega2560.o
 *(.init2)
 *(.init3)
 *(.init3)
 *(.init4)
 .init4         0x0000022e       0x1a c:/program files (x86)/atmel/studio/7.0/toolchain/avr8/avr8-gnu-toolchain/bin/../lib/gcc/avr/5.4.0/avr6\libgcc.a(_copy_data.o)
                0x0000022e                __do_copy_data
 .init4         0x00000248       0x10 c:/program files (x86)/atmel/studio/7.0/toolchain/avr8/avr8-gnu-toolchain/bin/../lib/gcc/avr/5.4.0/avr6\libgcc.a(_clear_bss.o)
                0x00000248                __do_clear_bss
 *(.init4)
 *(.init5)
 *(.init5)
 *(.init6)
 .init6         0x00000258       0x20 c:/program files (x86)/atmel/studio/7.0/toolchain/avr8/avr8-gnu-toolchain/bin/../lib/gcc/avr/5.4.0/avr6\libgcc.a(_ctors.o)
                0x00000258                __do_global_ctors
 *(.init6)
 *(.init7)
 *(.init7)
 *(.init8)
 *(.init8)
 *(.init9)
 .init9         0x00000278        0x6 C:/Program Files (x86)/Atmel/Studio/7.0/Packs/atmel/ATmega_DFP/1.2.132/gcc/dev/atmega2560/avr6/crtatmega2560.o
 *(.init9)
 *(.text)
 .text          0x0000027e        0x2 C:/Program Files (x86)/Atmel/Studio/7.0/Packs/atmel/ATmega_DFP/1.2.132/gcc/dev/atmega2560/avr6/crtatmega2560.o
                0x0000027e                __vector_38
                0x0000027e                __vector_22
                0x0000027e                __vector_28
                0x0000027e                __vector_32
                0x0000027e                __vector_34
                0x0000027e                __vector_24
                0x0000027e                __vector_12
                0x0000027e                __vector_55
                0x0000027e                __vector_46
                0x0000027e                __bad_interrupt
                0x0000027e                __vector_31
                0x0000027e                __vector_35
                0x0000027e                __vector_39
                0x0000027e                __vector_30
                0x0000027e                __vector_45
                0x0000027e                __vector_11
                0x0000027e                __vector_54
                0x0000027e                __vector_13
                0x0000027e                __vector_17
                0x0000027e                __vector_19
                0x0000027e                __vector_56
                0x0000027e                __vector_49
                0x0000027e                __vector_41
                0x0000027e                __vector_43
                0x0000027e                __vector_27
                0x0000027e                __vector_33
                0x0000027e                __vector_47
                0x0000027e                __vector_52
                0x0000027e                __vector_37
                0x0000027e                __vector_44
                0x0000027e                __vector_51
                0x0000027e                __vector_9
                0x0000027e                __vector_21
                0x0000027e                __vector_15
                0x0000027e                __vector_36
                0x0000027e                __vector_29
                0x0000027e                __vector_40
                0x0000027e                __vector_48
                0x0000027e                __vector_14
                0x0000027e                __vector_53
                0x0000027e                __vector_10
                0x0000027e                __vector_50
                0x0000027e                __vector_16
                0x0000027e                __vector_18
                0x0000027e                __vector_20
                0x0000027e                __vector_42
                0x00000280                . = ALIGN (0x2)
 *(.text.*)
 .text.analog_joystick_create
                0x00000280       0x36 analog_joystick.o
                0x00000280                analog_joystick_create
 .text.controller_interrupt_joystick_left
                0x000002b6        0x2 controller.o
                0x000002b6                controller_interrupt_joystick_left
 .text.controller_interrupt_buttons
                0x000002b8       0x54 controller.o
                0x000002b8                controller_interrupt_buttons
 .text.controller_interrupt_joystick_right
                0x0000030c        0x2 controller.o
                0x0000030c                controller_interrupt_joystick_right
 .text.controller_initialize
                0x0000030e      0x174 controller.o
                0x0000030e                controller_initialize
 .text.hardware_serial_get
                0x00000482        0x6 hardware_serial_wrapper.o
                0x00000482                hardware_serial_get
 .text.hardware_serial_begin
                0x00000488        0xc hardware_serial_wrapper.o
                0x00000488                hardware_serial_begin
 .text.hardware_serial_println
                0x00000494        0x2 hardware_serial_wrapper.o
                0x00000494                hardware_serial_println
 .text.led_shift_register_write
                0x00000496       0x2c led_shift_register.o
 .text.led_shift_register_create
                0x000004c2       0x90 led_shift_register.o
                0x000004c2                led_shift_register_create
 .text.led_shift_register_reset
                0x00000552        0xc led_shift_register.o
                0x00000552                led_shift_register_reset
 .text.led_shift_register_test
                0x0000055e       0x36 led_shift_register.o
                0x0000055e                led_shift_register_test
 .text.led_shift_register_on
                0x00000594       0x12 led_shift_register.o
                0x00000594                led_shift_register_on
 .text.led_shift_register_off
                0x000005a6       0x1e led_shift_register.o
                0x000005a6                led_shift_register_off
 .text.light_control_leds_create
                0x000005c4       0x36 light_control_leds.o
                0x000005c4                light_control_leds_create
 .text.light_control_leds_next
                0x000005fa       0x48 light_control_leds.o
                0x000005fa                light_control_leds_next
 .text._ZN13LiquidCrystal11pulseEnableEv
                0x00000642       0x2e LiquidCrystal.o
                0x00000642                _ZN13LiquidCrystal11pulseEnableEv
 .text._ZN13LiquidCrystal10write4bitsEh
                0x00000670       0x56 LiquidCrystal.o
                0x00000670                _ZN13LiquidCrystal10write4bitsEh
 .text._ZN13LiquidCrystal10write8bitsEh
                0x000006c6       0x56 LiquidCrystal.o
                0x000006c6                _ZN13LiquidCrystal10write8bitsEh
 .text._ZN13LiquidCrystal4sendEhh
                0x0000071c       0x48 LiquidCrystal.o
                0x0000071c                _ZN13LiquidCrystal4sendEhh
 .text._ZN13LiquidCrystal7commandEh
                0x00000764        0x4 LiquidCrystal.o
                0x00000764                _ZN13LiquidCrystal7commandEh
 .text._ZN13LiquidCrystal5clearEv
                0x00000768        0xa LiquidCrystal.o
                0x00000768                _ZN13LiquidCrystal5clearEv
 .text._ZN13LiquidCrystal9setCursorEhh
                0x00000772       0x24 LiquidCrystal.o
                0x00000772                _ZN13LiquidCrystal9setCursorEhh
 .text._ZN13LiquidCrystal7displayEv
                0x00000796        0xe LiquidCrystal.o
                0x00000796                _ZN13LiquidCrystal7displayEv
 .text._ZN13LiquidCrystal5beginEhhh
                0x000007a4      0x11a LiquidCrystal.o
                0x000007a4                _ZN13LiquidCrystal5beginEhhh
 .text._ZN13LiquidCrystalC2Ehhhhhh
                0x000008be       0x3e LiquidCrystal.o
                0x000008be                _ZN13LiquidCrystalC1Ehhhhhh
                0x000008be                _ZN13LiquidCrystalC2Ehhhhhh
 .text._ZN13LiquidCrystal5writeEh
                0x000008fc        0xa LiquidCrystal.o
                0x000008fc                _ZN13LiquidCrystal5writeEh
 .text.lcd_get  0x00000906       0x46 liquid_crystal_wrapper.o
                0x00000906                lcd_get
 .text.lcd_begin
                0x0000094c        0x4 liquid_crystal_wrapper.o
                0x0000094c                lcd_begin
 .text.lcd_clear
                0x00000950        0x2 liquid_crystal_wrapper.o
                0x00000950                lcd_clear
 .text.lcd_set_cursor
                0x00000952        0x2 liquid_crystal_wrapper.o
                0x00000952                lcd_set_cursor
 .text.lcd_print
                0x00000954        0x2 liquid_crystal_wrapper.o
                0x00000954                lcd_print
 .text.setup    0x00000956        0x6 sketch.o
                0x00000956                setup
 .text.loop     0x0000095c        0x2 sketch.o
                0x0000095c                loop
 .text.tact_switch_board_create
                0x0000095e       0x72 tact_switch_board.o
                0x0000095e                tact_switch_board_create
 .text.tact_switch_button_pressed
                0x000009d0       0x90 tact_switch_board.o
                0x000009d0                tact_switch_button_pressed
 .text._ZN14HardwareSerial9availableEv
                0x00000a60       0x18 C:\Users\mkamuda\Documents\Projects\RCController_v3\RCController_v3\ArduinoCore\Debug\libArduinoCore.a(HardwareSerial.o)
                0x00000a60                _ZN14HardwareSerial9availableEv
 .text._ZN14HardwareSerial4peekEv
                0x00000a78       0x1c C:\Users\mkamuda\Documents\Projects\RCController_v3\RCController_v3\ArduinoCore\Debug\libArduinoCore.a(HardwareSerial.o)
                0x00000a78                _ZN14HardwareSerial4peekEv
 .text._ZN14HardwareSerial4readEv
                0x00000a94       0x28 C:\Users\mkamuda\Documents\Projects\RCController_v3\RCController_v3\ArduinoCore\Debug\libArduinoCore.a(HardwareSerial.o)
                0x00000a94                _ZN14HardwareSerial4readEv
 .text._Z14serialEventRunv
                0x00000abc       0x78 C:\Users\mkamuda\Documents\Projects\RCController_v3\RCController_v3\ArduinoCore\Debug\libArduinoCore.a(HardwareSerial.o)
                0x00000abc                _Z14serialEventRunv
 .text._ZN14HardwareSerial17_tx_udr_empty_irqEv
                0x00000b34       0x42 C:\Users\mkamuda\Documents\Projects\RCController_v3\RCController_v3\ArduinoCore\Debug\libArduinoCore.a(HardwareSerial.o)
                0x00000b34                _ZN14HardwareSerial17_tx_udr_empty_irqEv
 .text._ZN14HardwareSerial5writeEh
                0x00000b76       0x8c C:\Users\mkamuda\Documents\Projects\RCController_v3\RCController_v3\ArduinoCore\Debug\libArduinoCore.a(HardwareSerial.o)
                0x00000b76                _ZN14HardwareSerial5writeEh
 .text._ZN14HardwareSerial5flushEv
                0x00000c02       0x42 C:\Users\mkamuda\Documents\Projects\RCController_v3\RCController_v3\ArduinoCore\Debug\libArduinoCore.a(HardwareSerial.o)
                0x00000c02                _ZN14HardwareSerial5flushEv
 .text._ZN14HardwareSerial5beginEmh
                0x00000c44       0xc6 C:\Users\mkamuda\Documents\Projects\RCController_v3\RCController_v3\ArduinoCore\Debug\libArduinoCore.a(HardwareSerial.o)
                0x00000c44                _ZN14HardwareSerial5beginEmh
 .text.__vector_25
                0x00000d0a       0x6c C:\Users\mkamuda\Documents\Projects\RCController_v3\RCController_v3\ArduinoCore\Debug\libArduinoCore.a(HardwareSerial0.o)
                0x00000d0a                __vector_25
 .text.__vector_26
                0x00000d76       0x52 C:\Users\mkamuda\Documents\Projects\RCController_v3\RCController_v3\ArduinoCore\Debug\libArduinoCore.a(HardwareSerial0.o)
                0x00000d76                __vector_26
 .text._Z17Serial0_availablev
                0x00000dc8       0x12 C:\Users\mkamuda\Documents\Projects\RCController_v3\RCController_v3\ArduinoCore\Debug\libArduinoCore.a(HardwareSerial0.o)
                0x00000dc8                _Z17Serial0_availablev
 .text.startup._GLOBAL__sub_I___vector_25
                0x00000dda       0x5a C:\Users\mkamuda\Documents\Projects\RCController_v3\RCController_v3\ArduinoCore\Debug\libArduinoCore.a(HardwareSerial0.o)
 .text.initVariant
                0x00000e34        0x2 C:\Users\mkamuda\Documents\Projects\RCController_v3\RCController_v3\ArduinoCore\Debug\libArduinoCore.a(main.o)
                0x00000e34                initVariant
 .text.startup.main
                0x00000e36       0x14 C:\Users\mkamuda\Documents\Projects\RCController_v3\RCController_v3\ArduinoCore\Debug\libArduinoCore.a(main.o)
                0x00000e36                main
 .text._Znwj    0x00000e4a        0x2 C:\Users\mkamuda\Documents\Projects\RCController_v3\RCController_v3\ArduinoCore\Debug\libArduinoCore.a(new.o)
                0x00000e4a                _Znwj
 .text._ZN5Print5writeEPKhj
                0x00000e4c       0x54 C:\Users\mkamuda\Documents\Projects\RCController_v3\RCController_v3\ArduinoCore\Debug\libArduinoCore.a(Print.o)
                0x00000e4c                _ZN5Print5writeEPKhj
 .text._ZN5Print5writeEPKc
                0x00000ea0       0x2a C:\Users\mkamuda\Documents\Projects\RCController_v3\RCController_v3\ArduinoCore\Debug\libArduinoCore.a(Print.o)
                0x00000ea0                _ZN5Print5writeEPKc
 .text._ZN5Print5printEPKc
                0x00000eca        0x2 C:\Users\mkamuda\Documents\Projects\RCController_v3\RCController_v3\ArduinoCore\Debug\libArduinoCore.a(Print.o)
                0x00000eca                _ZN5Print5printEPKc
 .text._ZN5Print7printlnEv
                0x00000ecc        0x6 C:\Users\mkamuda\Documents\Projects\RCController_v3\RCController_v3\ArduinoCore\Debug\libArduinoCore.a(Print.o)
                0x00000ecc                _ZN5Print7printlnEv
 .text._ZN5Print7printlnEPKc
                0x00000ed2       0x20 C:\Users\mkamuda\Documents\Projects\RCController_v3\RCController_v3\ArduinoCore\Debug\libArduinoCore.a(Print.o)
                0x00000ed2                _ZN5Print7printlnEPKc
 .text.nothing  0x00000ef2        0x2 C:\Users\mkamuda\Documents\Projects\RCController_v3\RCController_v3\ArduinoCore\Debug\libArduinoCore.a(WInterrupts.o)
 .text.attachInterrupt
                0x00000ef4       0xe6 C:\Users\mkamuda\Documents\Projects\RCController_v3\RCController_v3\ArduinoCore\Debug\libArduinoCore.a(WInterrupts.o)
                0x00000ef4                attachInterrupt
 .text.__vector_1
                0x00000fda       0x56 C:\Users\mkamuda\Documents\Projects\RCController_v3\RCController_v3\ArduinoCore\Debug\libArduinoCore.a(WInterrupts.o)
                0x00000fda                __vector_1
 .text.__vector_2
                0x00001030       0x56 C:\Users\mkamuda\Documents\Projects\RCController_v3\RCController_v3\ArduinoCore\Debug\libArduinoCore.a(WInterrupts.o)
                0x00001030                __vector_2
 .text.__vector_3
                0x00001086       0x56 C:\Users\mkamuda\Documents\Projects\RCController_v3\RCController_v3\ArduinoCore\Debug\libArduinoCore.a(WInterrupts.o)
                0x00001086                __vector_3
 .text.__vector_4
                0x000010dc       0x56 C:\Users\mkamuda\Documents\Projects\RCController_v3\RCController_v3\ArduinoCore\Debug\libArduinoCore.a(WInterrupts.o)
                0x000010dc                __vector_4
 .text.__vector_5
                0x00001132       0x56 C:\Users\mkamuda\Documents\Projects\RCController_v3\RCController_v3\ArduinoCore\Debug\libArduinoCore.a(WInterrupts.o)
                0x00001132                __vector_5
 .text.__vector_6
                0x00001188       0x56 C:\Users\mkamuda\Documents\Projects\RCController_v3\RCController_v3\ArduinoCore\Debug\libArduinoCore.a(WInterrupts.o)
                0x00001188                __vector_6
 .text.__vector_7
                0x000011de       0x56 C:\Users\mkamuda\Documents\Projects\RCController_v3\RCController_v3\ArduinoCore\Debug\libArduinoCore.a(WInterrupts.o)
                0x000011de                __vector_7
 .text.__vector_8
                0x00001234       0x56 C:\Users\mkamuda\Documents\Projects\RCController_v3\RCController_v3\ArduinoCore\Debug\libArduinoCore.a(WInterrupts.o)
                0x00001234                __vector_8
 .text.__vector_23
                0x0000128a       0x94 C:\Users\mkamuda\Documents\Projects\RCController_v3\RCController_v3\ArduinoCore\Debug\libArduinoCore.a(wiring.o)
                0x0000128a                __vector_23
 .text.micros   0x0000131e       0x4a C:\Users\mkamuda\Documents\Projects\RCController_v3\RCController_v3\ArduinoCore\Debug\libArduinoCore.a(wiring.o)
                0x0000131e                micros
 .text.delay    0x00001368       0x72 C:\Users\mkamuda\Documents\Projects\RCController_v3\RCController_v3\ArduinoCore\Debug\libArduinoCore.a(wiring.o)
                0x00001368                delay
 .text.delayMicroseconds
                0x000013da       0x16 C:\Users\mkamuda\Documents\Projects\RCController_v3\RCController_v3\ArduinoCore\Debug\libArduinoCore.a(wiring.o)
                0x000013da                delayMicroseconds
 .text.init     0x000013f0       0xc4 C:\Users\mkamuda\Documents\Projects\RCController_v3\RCController_v3\ArduinoCore\Debug\libArduinoCore.a(wiring.o)
                0x000013f0                init
 .text.analogRead
                0x000014b4       0x4a C:\Users\mkamuda\Documents\Projects\RCController_v3\RCController_v3\ArduinoCore\Debug\libArduinoCore.a(wiring_analog.o)
                0x000014b4                analogRead
 .text.turnOffPWM
                0x000014fe       0xaa C:\Users\mkamuda\Documents\Projects\RCController_v3\RCController_v3\ArduinoCore\Debug\libArduinoCore.a(wiring_digital.o)
 .text.pinMode  0x000015a8       0x78 C:\Users\mkamuda\Documents\Projects\RCController_v3\RCController_v3\ArduinoCore\Debug\libArduinoCore.a(wiring_digital.o)
                0x000015a8                pinMode
 .text.digitalWrite
                0x00001620       0x5c C:\Users\mkamuda\Documents\Projects\RCController_v3\RCController_v3\ArduinoCore\Debug\libArduinoCore.a(wiring_digital.o)
                0x00001620                digitalWrite
 .text.shiftOut
                0x0000167c       0x6c C:\Users\mkamuda\Documents\Projects\RCController_v3\RCController_v3\ArduinoCore\Debug\libArduinoCore.a(wiring_shift.o)
                0x0000167c                shiftOut
 .text.__empty  0x000016e8        0x2 C:\Users\mkamuda\Documents\Projects\RCController_v3\RCController_v3\ArduinoCore\Debug\libArduinoCore.a(hooks.o)
                0x000016e8                yield
 .text.libgcc.div
                0x000016ea       0x44 c:/program files (x86)/atmel/studio/7.0/toolchain/avr8/avr8-gnu-toolchain/bin/../lib/gcc/avr/5.4.0/avr6\libgcc.a(_udivmodsi4.o)
                0x000016ea                __udivmodsi4
 .text.libgcc   0x0000172e       0x10 c:/program files (x86)/atmel/studio/7.0/toolchain/avr8/avr8-gnu-toolchain/bin/../lib/gcc/avr/5.4.0/avr6\libgcc.a(_tablejump2.o)
                0x0000172e                __tablejump2__
 .text.avr-libc
                0x0000173e      0x242 c:/program files (x86)/atmel/studio/7.0/toolchain/avr8/avr8-gnu-toolchain/bin/../lib/gcc/avr/5.4.0/../../../../avr/lib/avr6\libc.a(malloc.o)
                0x0000173e                malloc
                0x0000186e                free
                0x00001980                . = ALIGN (0x2)
 *(.fini9)
 .fini9         0x00001980        0x0 c:/program files (x86)/atmel/studio/7.0/toolchain/avr8/avr8-gnu-toolchain/bin/../lib/gcc/avr/5.4.0/avr6\libgcc.a(_exit.o)
                0x00001980                _exit
                0x00001980                exit
 *(.fini9)
 *(.fini8)
 *(.fini8)
 *(.fini7)
 *(.fini7)
 *(.fini6)
 *(.fini6)
 *(.fini5)
 *(.fini5)
 *(.fini4)
 *(.fini4)
 *(.fini3)
 *(.fini3)
 *(.fini2)
 *(.fini2)
 *(.fini1)
 *(.fini1)
 *(.fini0)
 .fini0         0x00001980        0x4 c:/program files (x86)/atmel/studio/7.0/toolchain/avr8/avr8-gnu-toolchain/bin/../lib/gcc/avr/5.4.0/avr6\libgcc.a(_exit.o)
 *(.fini0)
                0x00001984                _etext = .

.data           0x00800200       0x9c load address 0x00001984
                0x00800200                PROVIDE (__data_start, .)
 *(.data)
 .data          0x00800200        0x6 c:/program files (x86)/atmel/studio/7.0/toolchain/avr8/avr8-gnu-toolchain/bin/../lib/gcc/avr/5.4.0/../../../../avr/lib/avr6\libc.a(malloc.o)
                0x00800200                __malloc_heap_end
                0x00800202                __malloc_heap_start
                0x00800204                __malloc_margin
 *(.data*)
 .data.intFunc  0x00800206       0x10 C:\Users\mkamuda\Documents\Projects\RCController_v3\RCController_v3\ArduinoCore\Debug\libArduinoCore.a(WInterrupts.o)
 .data.analog_reference
                0x00800216        0x1 C:\Users\mkamuda\Documents\Projects\RCController_v3\RCController_v3\ArduinoCore\Debug\libArduinoCore.a(wiring_analog.o)
                0x00800216                analog_reference
 *(.rodata)
 .rodata        0x00800217       0x14 tact_switch_board.o
 *(.rodata*)
 .rodata.str1.1
                0x0080022b       0x4a controller.o
 .rodata._ZTV13LiquidCrystal
                0x00800275        0x8 LiquidCrystal.o
                0x00800275                _ZTV13LiquidCrystal
 .rodata._ZTV14HardwareSerial
                0x0080027d       0x10 C:\Users\mkamuda\Documents\Projects\RCController_v3\RCController_v3\ArduinoCore\Debug\libArduinoCore.a(HardwareSerial.o)
                0x0080027d                _ZTV14HardwareSerial
 .rodata.str1.1
                0x0080028d        0xf C:\Users\mkamuda\Documents\Projects\RCController_v3\RCController_v3\ArduinoCore\Debug\libArduinoCore.a(Print.o)
 *(.gnu.linkonce.d*)
                0x0080029c                . = ALIGN (0x2)
                0x0080029c                _edata = .
                0x0080029c                PROVIDE (__data_end, .)

.bss            0x0080029c       0xb8
                0x0080029c                PROVIDE (__bss_start, .)
 *(.bss)
 *(.bss*)
 .bss.Serial    0x0080029c       0x9d C:\Users\mkamuda\Documents\Projects\RCController_v3\RCController_v3\ArduinoCore\Debug\libArduinoCore.a(HardwareSerial0.o)
                0x0080029c                Serial
 .bss.timer0_fract
                0x00800339        0x1 C:\Users\mkamuda\Documents\Projects\RCController_v3\RCController_v3\ArduinoCore\Debug\libArduinoCore.a(wiring.o)
 .bss.timer0_millis
                0x0080033a        0x4 C:\Users\mkamuda\Documents\Projects\RCController_v3\RCController_v3\ArduinoCore\Debug\libArduinoCore.a(wiring.o)
                0x0080033a                timer0_millis
 .bss.timer0_overflow_count
                0x0080033e        0x4 C:\Users\mkamuda\Documents\Projects\RCController_v3\RCController_v3\ArduinoCore\Debug\libArduinoCore.a(wiring.o)
                0x0080033e                timer0_overflow_count
 *(COMMON)
 COMMON         0x00800342        0xe sketch.o
                0x00800342                rc_controller
 COMMON         0x00800350        0x4 c:/program files (x86)/atmel/studio/7.0/toolchain/avr8/avr8-gnu-toolchain/bin/../lib/gcc/avr/5.4.0/../../../../avr/lib/avr6\libc.a(malloc.o)
                0x00800350                __brkval
                0x00800352                __flp
                0x00800354                PROVIDE (__bss_end, .)
                0x00001984                __data_load_start = LOADADDR (.data)
                0x00001a20                __data_load_end = (__data_load_start + SIZEOF (.data))

.noinit         0x00800354        0x0
                [!provide]                PROVIDE (__noinit_start, .)
 *(.noinit*)
                [!provide]                PROVIDE (__noinit_end, .)
                0x00800354                _end = .
                0x00800354                PROVIDE (__heap_start, .)

.eeprom         0x00810000        0x0
 *(.eeprom*)
                0x00810000                __eeprom_end = .

.fuse
 *(.fuse)
 *(.lfuse)
 *(.hfuse)
 *(.efuse)

.lock
 *(.lock*)

.signature
 *(.signature*)

.user_signatures
 *(.user_signatures*)

.stab
 *(.stab)

.stabstr
 *(.stabstr)

.stab.excl
 *(.stab.excl)

.stab.exclstr
 *(.stab.exclstr)

.stab.index
 *(.stab.index)

.stab.indexstr
 *(.stab.indexstr)

.comment        0x00000000       0x30
 *(.comment)
 .comment       0x00000000       0x30 analog_joystick.o
                                 0x31 (size before relaxing)
 .comment       0x00000030       0x31 controller.o
 .comment       0x00000030       0x31 hardware_serial_wrapper.o
 .comment       0x00000030       0x31 led_shift_register.o
 .comment       0x00000030       0x31 light_control_leds.o
 .comment       0x00000030       0x31 LiquidCrystal.o
 .comment       0x00000030       0x31 liquid_crystal_wrapper.o
 .comment       0x00000030       0x31 sketch.o
 .comment       0x00000030       0x31 tact_switch_board.o
 .comment       0x00000030       0x31 C:\Users\mkamuda\Documents\Projects\RCController_v3\RCController_v3\ArduinoCore\Debug\libArduinoCore.a(HardwareSerial.o)
 .comment       0x00000030       0x31 C:\Users\mkamuda\Documents\Projects\RCController_v3\RCController_v3\ArduinoCore\Debug\libArduinoCore.a(HardwareSerial0.o)
 .comment       0x00000030       0x31 C:\Users\mkamuda\Documents\Projects\RCController_v3\RCController_v3\ArduinoCore\Debug\libArduinoCore.a(main.o)
 .comment       0x00000030       0x31 C:\Users\mkamuda\Documents\Projects\RCController_v3\RCController_v3\ArduinoCore\Debug\libArduinoCore.a(new.o)
 .comment       0x00000030       0x31 C:\Users\mkamuda\Documents\Projects\RCController_v3\RCController_v3\ArduinoCore\Debug\libArduinoCore.a(Print.o)
 .comment       0x00000030       0x31 C:\Users\mkamuda\Documents\Projects\RCController_v3\RCController_v3\ArduinoCore\Debug\libArduinoCore.a(WInterrupts.o)
 .comment       0x00000030       0x31 C:\Users\mkamuda\Documents\Projects\RCController_v3\RCController_v3\ArduinoCore\Debug\libArduinoCore.a(wiring.o)
 .comment       0x00000030       0x31 C:\Users\mkamuda\Documents\Projects\RCController_v3\RCController_v3\ArduinoCore\Debug\libArduinoCore.a(wiring_analog.o)
 .comment       0x00000030       0x31 C:\Users\mkamuda\Documents\Projects\RCController_v3\RCController_v3\ArduinoCore\Debug\libArduinoCore.a(wiring_digital.o)
 .comment       0x00000030       0x31 C:\Users\mkamuda\Documents\Projects\RCController_v3\RCController_v3\ArduinoCore\Debug\libArduinoCore.a(wiring_shift.o)
 .comment       0x00000030       0x31 C:\Users\mkamuda\Documents\Projects\RCController_v3\RCController_v3\ArduinoCore\Debug\libArduinoCore.a(hooks.o)
 .comment       0x00000030       0x31 c:/program files (x86)/atmel/studio/7.0/toolchain/avr8/avr8-gnu-toolchain/bin/../lib/gcc/avr/5.4.0/../../../../avr/lib/avr6\libc.a(malloc.o)

.note.gnu.avr.deviceinfo
                0x00000000       0x40
 .note.gnu.avr.deviceinfo
                0x00000000       0x40 C:/Program Files (x86)/Atmel/Studio/7.0/Packs/atmel/ATmega_DFP/1.2.132/gcc/dev/atmega2560/avr6/crtatmega2560.o

.note.gnu.build-id
 *(.note.gnu.build-id)

.debug
 *(.debug)

.line
 *(.line)

.debug_srcinfo
 *(.debug_srcinfo)

.debug_sfnames
 *(.debug_sfnames)

.debug_aranges  0x00000000      0x5f0
 *(.debug_aranges)
 .debug_aranges
                0x00000000       0x20 analog_joystick.o
 .debug_aranges
                0x00000020       0x38 controller.o
 .debug_aranges
                0x00000058       0x30 hardware_serial_wrapper.o
 .debug_aranges
                0x00000088       0x48 led_shift_register.o
 .debug_aranges
                0x000000d0       0x28 light_control_leds.o
 .debug_aranges
                0x000000f8      0x110 LiquidCrystal.o
 .debug_aranges
                0x00000208       0x48 liquid_crystal_wrapper.o
 .debug_aranges
                0x00000250       0x28 sketch.o
 .debug_aranges
                0x00000278       0x28 tact_switch_board.o
 .debug_aranges
                0x000002a0       0x68 C:\Users\mkamuda\Documents\Projects\RCController_v3\RCController_v3\ArduinoCore\Debug\libArduinoCore.a(HardwareSerial.o)
 .debug_aranges
                0x00000308       0x38 C:\Users\mkamuda\Documents\Projects\RCController_v3\RCController_v3\ArduinoCore\Debug\libArduinoCore.a(HardwareSerial0.o)
 .debug_aranges
                0x00000340       0x30 C:\Users\mkamuda\Documents\Projects\RCController_v3\RCController_v3\ArduinoCore\Debug\libArduinoCore.a(main.o)
 .debug_aranges
                0x00000370       0x28 C:\Users\mkamuda\Documents\Projects\RCController_v3\RCController_v3\ArduinoCore\Debug\libArduinoCore.a(new.o)
 .debug_aranges
                0x00000398       0xf0 C:\Users\mkamuda\Documents\Projects\RCController_v3\RCController_v3\ArduinoCore\Debug\libArduinoCore.a(Print.o)
 .debug_aranges
                0x00000488       0x70 C:\Users\mkamuda\Documents\Projects\RCController_v3\RCController_v3\ArduinoCore\Debug\libArduinoCore.a(WInterrupts.o)
 .debug_aranges
                0x000004f8       0x48 C:\Users\mkamuda\Documents\Projects\RCController_v3\RCController_v3\ArduinoCore\Debug\libArduinoCore.a(wiring.o)
 .debug_aranges
                0x00000540       0x30 C:\Users\mkamuda\Documents\Projects\RCController_v3\RCController_v3\ArduinoCore\Debug\libArduinoCore.a(wiring_analog.o)
 .debug_aranges
                0x00000570       0x38 C:\Users\mkamuda\Documents\Projects\RCController_v3\RCController_v3\ArduinoCore\Debug\libArduinoCore.a(wiring_digital.o)
 .debug_aranges
                0x000005a8       0x28 C:\Users\mkamuda\Documents\Projects\RCController_v3\RCController_v3\ArduinoCore\Debug\libArduinoCore.a(wiring_shift.o)
 .debug_aranges
                0x000005d0       0x20 C:\Users\mkamuda\Documents\Projects\RCController_v3\RCController_v3\ArduinoCore\Debug\libArduinoCore.a(hooks.o)

.debug_pubnames
 *(.debug_pubnames)

.debug_info     0x00000000     0xc500
 *(.debug_info .gnu.linkonce.wi.*)
 .debug_info    0x00000000      0xbbc C:/Program Files (x86)/Atmel/Studio/7.0/Packs/atmel/ATmega_DFP/1.2.132/gcc/dev/atmega2560/avr6/crtatmega2560.o
 .debug_info    0x00000bbc      0x10e analog_joystick.o
 .debug_info    0x00000cca      0x9cd controller.o
 .debug_info    0x00001697      0x294 hardware_serial_wrapper.o
 .debug_info    0x0000192b      0x58e led_shift_register.o
 .debug_info    0x00001eb9      0x37a light_control_leds.o
 .debug_info    0x00002233     0x1d0c LiquidCrystal.o
 .debug_info    0x00003f3f      0x3e2 liquid_crystal_wrapper.o
 .debug_info    0x00004321      0x4fc sketch.o
 .debug_info    0x0000481d      0x380 tact_switch_board.o
 .debug_info    0x00004b9d     0x1f9f C:\Users\mkamuda\Documents\Projects\RCController_v3\RCController_v3\ArduinoCore\Debug\libArduinoCore.a(HardwareSerial.o)
 .debug_info    0x00006b3c     0x1af7 C:\Users\mkamuda\Documents\Projects\RCController_v3\RCController_v3\ArduinoCore\Debug\libArduinoCore.a(HardwareSerial0.o)
 .debug_info    0x00008633      0x295 C:\Users\mkamuda\Documents\Projects\RCController_v3\RCController_v3\ArduinoCore\Debug\libArduinoCore.a(main.o)
 .debug_info    0x000088c8      0x11c C:\Users\mkamuda\Documents\Projects\RCController_v3\RCController_v3\ArduinoCore\Debug\libArduinoCore.a(new.o)
 .debug_info    0x000089e4     0x28bc C:\Users\mkamuda\Documents\Projects\RCController_v3\RCController_v3\ArduinoCore\Debug\libArduinoCore.a(Print.o)
 .debug_info    0x0000b2a0      0x301 C:\Users\mkamuda\Documents\Projects\RCController_v3\RCController_v3\ArduinoCore\Debug\libArduinoCore.a(WInterrupts.o)
 .debug_info    0x0000b5a1      0x329 C:\Users\mkamuda\Documents\Projects\RCController_v3\RCController_v3\ArduinoCore\Debug\libArduinoCore.a(wiring.o)
 .debug_info    0x0000b8ca      0x2cd C:\Users\mkamuda\Documents\Projects\RCController_v3\RCController_v3\ArduinoCore\Debug\libArduinoCore.a(wiring_analog.o)
 .debug_info    0x0000bb97      0x63a C:\Users\mkamuda\Documents\Projects\RCController_v3\RCController_v3\ArduinoCore\Debug\libArduinoCore.a(wiring_digital.o)
 .debug_info    0x0000c1d1      0x2f1 C:\Users\mkamuda\Documents\Projects\RCController_v3\RCController_v3\ArduinoCore\Debug\libArduinoCore.a(wiring_shift.o)
 .debug_info    0x0000c4c2       0x3e C:\Users\mkamuda\Documents\Projects\RCController_v3\RCController_v3\ArduinoCore\Debug\libArduinoCore.a(hooks.o)

.debug_abbrev   0x00000000     0x2e2e
 *(.debug_abbrev)
 .debug_abbrev  0x00000000      0xb1a C:/Program Files (x86)/Atmel/Studio/7.0/Packs/atmel/ATmega_DFP/1.2.132/gcc/dev/atmega2560/avr6/crtatmega2560.o
 .debug_abbrev  0x00000b1a       0xc3 analog_joystick.o
 .debug_abbrev  0x00000bdd      0x1e9 controller.o
 .debug_abbrev  0x00000dc6      0x173 hardware_serial_wrapper.o
 .debug_abbrev  0x00000f39      0x1d0 led_shift_register.o
 .debug_abbrev  0x00001109      0x166 light_control_leds.o
 .debug_abbrev  0x0000126f      0x393 LiquidCrystal.o
 .debug_abbrev  0x00001602      0x13e liquid_crystal_wrapper.o
 .debug_abbrev  0x00001740      0x138 sketch.o
 .debug_abbrev  0x00001878      0x13c tact_switch_board.o
 .debug_abbrev  0x000019b4      0x432 C:\Users\mkamuda\Documents\Projects\RCController_v3\RCController_v3\ArduinoCore\Debug\libArduinoCore.a(HardwareSerial.o)
 .debug_abbrev  0x00001de6      0x3a2 C:\Users\mkamuda\Documents\Projects\RCController_v3\RCController_v3\ArduinoCore\Debug\libArduinoCore.a(HardwareSerial0.o)
 .debug_abbrev  0x00002188      0x12d C:\Users\mkamuda\Documents\Projects\RCController_v3\RCController_v3\ArduinoCore\Debug\libArduinoCore.a(main.o)
 .debug_abbrev  0x000022b5       0xce C:\Users\mkamuda\Documents\Projects\RCController_v3\RCController_v3\ArduinoCore\Debug\libArduinoCore.a(new.o)
 .debug_abbrev  0x00002383      0x469 C:\Users\mkamuda\Documents\Projects\RCController_v3\RCController_v3\ArduinoCore\Debug\libArduinoCore.a(Print.o)
 .debug_abbrev  0x000027ec       0xed C:\Users\mkamuda\Documents\Projects\RCController_v3\RCController_v3\ArduinoCore\Debug\libArduinoCore.a(WInterrupts.o)
 .debug_abbrev  0x000028d9      0x146 C:\Users\mkamuda\Documents\Projects\RCController_v3\RCController_v3\ArduinoCore\Debug\libArduinoCore.a(wiring.o)
 .debug_abbrev  0x00002a1f      0x17a C:\Users\mkamuda\Documents\Projects\RCController_v3\RCController_v3\ArduinoCore\Debug\libArduinoCore.a(wiring_analog.o)
 .debug_abbrev  0x00002b99      0x15a C:\Users\mkamuda\Documents\Projects\RCController_v3\RCController_v3\ArduinoCore\Debug\libArduinoCore.a(wiring_digital.o)
 .debug_abbrev  0x00002cf3      0x111 C:\Users\mkamuda\Documents\Projects\RCController_v3\RCController_v3\ArduinoCore\Debug\libArduinoCore.a(wiring_shift.o)
 .debug_abbrev  0x00002e04       0x2a C:\Users\mkamuda\Documents\Projects\RCController_v3\RCController_v3\ArduinoCore\Debug\libArduinoCore.a(hooks.o)

.debug_line     0x00000000     0x3697
 *(.debug_line .debug_line.* .debug_line_end)
 .debug_line    0x00000000      0x1f9 C:/Program Files (x86)/Atmel/Studio/7.0/Packs/atmel/ATmega_DFP/1.2.132/gcc/dev/atmega2560/avr6/crtatmega2560.o
 .debug_line    0x000001f9       0xe2 analog_joystick.o
 .debug_line    0x000002db      0x36d controller.o
 .debug_line    0x00000648      0x166 hardware_serial_wrapper.o
 .debug_line    0x000007ae      0x27d led_shift_register.o
 .debug_line    0x00000a2b      0x1d7 light_control_leds.o
 .debug_line    0x00000c02      0x8df LiquidCrystal.o
 .debug_line    0x000014e1      0x1fe liquid_crystal_wrapper.o
 .debug_line    0x000016df      0x1bc sketch.o
 .debug_line    0x0000189b      0x1d2 tact_switch_board.o
 .debug_line    0x00001a6d      0x489 C:\Users\mkamuda\Documents\Projects\RCController_v3\RCController_v3\ArduinoCore\Debug\libArduinoCore.a(HardwareSerial.o)
 .debug_line    0x00001ef6      0x253 C:\Users\mkamuda\Documents\Projects\RCController_v3\RCController_v3\ArduinoCore\Debug\libArduinoCore.a(HardwareSerial0.o)
 .debug_line    0x00002149      0x161 C:\Users\mkamuda\Documents\Projects\RCController_v3\RCController_v3\ArduinoCore\Debug\libArduinoCore.a(main.o)
 .debug_line    0x000022aa      0x12f C:\Users\mkamuda\Documents\Projects\RCController_v3\RCController_v3\ArduinoCore\Debug\libArduinoCore.a(new.o)
 .debug_line    0x000023d9      0x622 C:\Users\mkamuda\Documents\Projects\RCController_v3\RCController_v3\ArduinoCore\Debug\libArduinoCore.a(Print.o)
 .debug_line    0x000029fb      0x2da C:\Users\mkamuda\Documents\Projects\RCController_v3\RCController_v3\ArduinoCore\Debug\libArduinoCore.a(WInterrupts.o)
 .debug_line    0x00002cd5      0x2cb C:\Users\mkamuda\Documents\Projects\RCController_v3\RCController_v3\ArduinoCore\Debug\libArduinoCore.a(wiring.o)
 .debug_line    0x00002fa0      0x2c4 C:\Users\mkamuda\Documents\Projects\RCController_v3\RCController_v3\ArduinoCore\Debug\libArduinoCore.a(wiring_analog.o)
 .debug_line    0x00003264      0x284 C:\Users\mkamuda\Documents\Projects\RCController_v3\RCController_v3\ArduinoCore\Debug\libArduinoCore.a(wiring_digital.o)
 .debug_line    0x000034e8      0x16e C:\Users\mkamuda\Documents\Projects\RCController_v3\RCController_v3\ArduinoCore\Debug\libArduinoCore.a(wiring_shift.o)
 .debug_line    0x00003656       0x41 C:\Users\mkamuda\Documents\Projects\RCController_v3\RCController_v3\ArduinoCore\Debug\libArduinoCore.a(hooks.o)

.debug_frame    0x00000000     0x1238
 *(.debug_frame)
 .debug_frame   0x00000000       0x44 analog_joystick.o
 .debug_frame   0x00000044       0x94 controller.o
 .debug_frame   0x000000d8       0x44 hardware_serial_wrapper.o
 .debug_frame   0x0000011c       0xc4 led_shift_register.o
 .debug_frame   0x000001e0       0x4c light_control_leds.o
 .debug_frame   0x0000022c      0x384 LiquidCrystal.o
 .debug_frame   0x000005b0       0xa4 liquid_crystal_wrapper.o
 .debug_frame   0x00000654       0x34 sketch.o
 .debug_frame   0x00000688       0x64 tact_switch_board.o
 .debug_frame   0x000006ec      0x110 C:\Users\mkamuda\Documents\Projects\RCController_v3\RCController_v3\ArduinoCore\Debug\libArduinoCore.a(HardwareSerial.o)
 .debug_frame   0x000007fc       0xc0 C:\Users\mkamuda\Documents\Projects\RCController_v3\RCController_v3\ArduinoCore\Debug\libArduinoCore.a(HardwareSerial0.o)
 .debug_frame   0x000008bc       0x54 C:\Users\mkamuda\Documents\Projects\RCController_v3\RCController_v3\ArduinoCore\Debug\libArduinoCore.a(main.o)
 .debug_frame   0x00000910       0x54 C:\Users\mkamuda\Documents\Projects\RCController_v3\RCController_v3\ArduinoCore\Debug\libArduinoCore.a(new.o)
 .debug_frame   0x00000964      0x38c C:\Users\mkamuda\Documents\Projects\RCController_v3\RCController_v3\ArduinoCore\Debug\libArduinoCore.a(Print.o)
 .debug_frame   0x00000cf0      0x304 C:\Users\mkamuda\Documents\Projects\RCController_v3\RCController_v3\ArduinoCore\Debug\libArduinoCore.a(WInterrupts.o)
 .debug_frame   0x00000ff4       0xc4 C:\Users\mkamuda\Documents\Projects\RCController_v3\RCController_v3\ArduinoCore\Debug\libArduinoCore.a(wiring.o)
 .debug_frame   0x000010b8       0x54 C:\Users\mkamuda\Documents\Projects\RCController_v3\RCController_v3\ArduinoCore\Debug\libArduinoCore.a(wiring_analog.o)
 .debug_frame   0x0000110c       0x7c C:\Users\mkamuda\Documents\Projects\RCController_v3\RCController_v3\ArduinoCore\Debug\libArduinoCore.a(wiring_digital.o)
 .debug_frame   0x00001188       0x8c C:\Users\mkamuda\Documents\Projects\RCController_v3\RCController_v3\ArduinoCore\Debug\libArduinoCore.a(wiring_shift.o)
 .debug_frame   0x00001214       0x24 C:\Users\mkamuda\Documents\Projects\RCController_v3\RCController_v3\ArduinoCore\Debug\libArduinoCore.a(hooks.o)

.debug_str      0x00000000     0x2f45
 *(.debug_str)
 .debug_str     0x00000000      0x3e6 C:/Program Files (x86)/Atmel/Studio/7.0/Packs/atmel/ATmega_DFP/1.2.132/gcc/dev/atmega2560/avr6/crtatmega2560.o
 .debug_str     0x000003e6      0x19c analog_joystick.o
                                0x1bb (size before relaxing)
 .debug_str     0x00000582      0x483 controller.o
                                0x68a (size before relaxing)
 .debug_str     0x00000a05      0x1ed hardware_serial_wrapper.o
                                0x32e (size before relaxing)
 .debug_str     0x00000bf2       0x81 led_shift_register.o
                                0x389 (size before relaxing)
 .debug_str     0x00000c73       0x27 light_control_leds.o
                                0x369 (size before relaxing)
 .debug_str     0x00000c9a      0x6f2 LiquidCrystal.o
                                0x99e (size before relaxing)
 .debug_str     0x0000138c       0x42 liquid_crystal_wrapper.o
                                0x34e (size before relaxing)
 .debug_str     0x000013ce       0x19 sketch.o
                                0x4af (size before relaxing)
 .debug_str     0x000013e7       0x27 tact_switch_board.o
                                0x347 (size before relaxing)
 .debug_str     0x0000140e     0x13ea C:\Users\mkamuda\Documents\Projects\RCController_v3\RCController_v3\ArduinoCore\Debug\libArduinoCore.a(HardwareSerial.o)
                               0x16e0 (size before relaxing)
 .debug_str     0x000027f8       0x8b C:\Users\mkamuda\Documents\Projects\RCController_v3\RCController_v3\ArduinoCore\Debug\libArduinoCore.a(HardwareSerial0.o)
                               0x13e1 (size before relaxing)
 .debug_str     0x00002883       0x37 C:\Users\mkamuda\Documents\Projects\RCController_v3\RCController_v3\ArduinoCore\Debug\libArduinoCore.a(main.o)
                                0x2bd (size before relaxing)
 .debug_str     0x000028ba       0x44 C:\Users\mkamuda\Documents\Projects\RCController_v3\RCController_v3\ArduinoCore\Debug\libArduinoCore.a(new.o)
                                0x1d3 (size before relaxing)
 .debug_str     0x000028fe      0x3b4 C:\Users\mkamuda\Documents\Projects\RCController_v3\RCController_v3\ArduinoCore\Debug\libArduinoCore.a(Print.o)
                               0x1202 (size before relaxing)
 .debug_str     0x00002cb2       0xb4 C:\Users\mkamuda\Documents\Projects\RCController_v3\RCController_v3\ArduinoCore\Debug\libArduinoCore.a(WInterrupts.o)
                                0x282 (size before relaxing)
 .debug_str     0x00002d66       0x76 C:\Users\mkamuda\Documents\Projects\RCController_v3\RCController_v3\ArduinoCore\Debug\libArduinoCore.a(wiring.o)
                                0x253 (size before relaxing)
 .debug_str     0x00002ddc       0x67 C:\Users\mkamuda\Documents\Projects\RCController_v3\RCController_v3\ArduinoCore\Debug\libArduinoCore.a(wiring_analog.o)
                                0x257 (size before relaxing)
 .debug_str     0x00002e43       0xa9 C:\Users\mkamuda\Documents\Projects\RCController_v3\RCController_v3\ArduinoCore\Debug\libArduinoCore.a(wiring_digital.o)
                                0x2b8 (size before relaxing)
 .debug_str     0x00002eec       0x3d C:\Users\mkamuda\Documents\Projects\RCController_v3\RCController_v3\ArduinoCore\Debug\libArduinoCore.a(wiring_shift.o)
                                0x215 (size before relaxing)
 .debug_str     0x00002f29       0x1c C:\Users\mkamuda\Documents\Projects\RCController_v3\RCController_v3\ArduinoCore\Debug\libArduinoCore.a(hooks.o)
                                0x148 (size before relaxing)

.debug_loc      0x00000000     0x5fd5
 *(.debug_loc)
 .debug_loc     0x00000000       0xff analog_joystick.o
 .debug_loc     0x000000ff      0x154 controller.o
 .debug_loc     0x00000253       0xff hardware_serial_wrapper.o
 .debug_loc     0x00000352      0x3a0 led_shift_register.o
 .debug_loc     0x000006f2       0xfd light_control_leds.o
 .debug_loc     0x000007ef     0x1c4e LiquidCrystal.o
 .debug_loc     0x0000243d      0x2fa liquid_crystal_wrapper.o
 .debug_loc     0x00002737      0x1f5 tact_switch_board.o
 .debug_loc     0x0000292c      0x482 C:\Users\mkamuda\Documents\Projects\RCController_v3\RCController_v3\ArduinoCore\Debug\libArduinoCore.a(HardwareSerial.o)
 .debug_loc     0x00002dae      0x18a C:\Users\mkamuda\Documents\Projects\RCController_v3\RCController_v3\ArduinoCore\Debug\libArduinoCore.a(HardwareSerial0.o)
 .debug_loc     0x00002f38       0x4c C:\Users\mkamuda\Documents\Projects\RCController_v3\RCController_v3\ArduinoCore\Debug\libArduinoCore.a(new.o)
 .debug_loc     0x00002f84     0x1c61 C:\Users\mkamuda\Documents\Projects\RCController_v3\RCController_v3\ArduinoCore\Debug\libArduinoCore.a(Print.o)
 .debug_loc     0x00004be5      0x7f5 C:\Users\mkamuda\Documents\Projects\RCController_v3\RCController_v3\ArduinoCore\Debug\libArduinoCore.a(WInterrupts.o)
 .debug_loc     0x000053da      0x28d C:\Users\mkamuda\Documents\Projects\RCController_v3\RCController_v3\ArduinoCore\Debug\libArduinoCore.a(wiring.o)
 .debug_loc     0x00005667      0x11c C:\Users\mkamuda\Documents\Projects\RCController_v3\RCController_v3\ArduinoCore\Debug\libArduinoCore.a(wiring_analog.o)
 .debug_loc     0x00005783      0x56b C:\Users\mkamuda\Documents\Projects\RCController_v3\RCController_v3\ArduinoCore\Debug\libArduinoCore.a(wiring_digital.o)
 .debug_loc     0x00005cee      0x2e7 C:\Users\mkamuda\Documents\Projects\RCController_v3\RCController_v3\ArduinoCore\Debug\libArduinoCore.a(wiring_shift.o)

.debug_macinfo
 *(.debug_macinfo)

.debug_weaknames
 *(.debug_weaknames)

.debug_funcnames
 *(.debug_funcnames)

.debug_typenames
 *(.debug_typenames)

.debug_varnames
 *(.debug_varnames)

.debug_pubtypes
 *(.debug_pubtypes)

.debug_ranges   0x00000000      0x570
 *(.debug_ranges)
 .debug_ranges  0x00000000       0x10 analog_joystick.o
 .debug_ranges  0x00000010       0x40 controller.o
 .debug_ranges  0x00000050       0x20 hardware_serial_wrapper.o
 .debug_ranges  0x00000070       0x38 led_shift_register.o
 .debug_ranges  0x000000a8       0x18 light_control_leds.o
 .debug_ranges  0x000000c0      0x178 LiquidCrystal.o
 .debug_ranges  0x00000238       0x38 liquid_crystal_wrapper.o
 .debug_ranges  0x00000270       0x18 sketch.o
 .debug_ranges  0x00000288       0x18 tact_switch_board.o
 .debug_ranges  0x000002a0       0x58 C:\Users\mkamuda\Documents\Projects\RCController_v3\RCController_v3\ArduinoCore\Debug\libArduinoCore.a(HardwareSerial.o)
 .debug_ranges  0x000002f8       0x28 C:\Users\mkamuda\Documents\Projects\RCController_v3\RCController_v3\ArduinoCore\Debug\libArduinoCore.a(HardwareSerial0.o)
 .debug_ranges  0x00000320       0x20 C:\Users\mkamuda\Documents\Projects\RCController_v3\RCController_v3\ArduinoCore\Debug\libArduinoCore.a(main.o)
 .debug_ranges  0x00000340       0x18 C:\Users\mkamuda\Documents\Projects\RCController_v3\RCController_v3\ArduinoCore\Debug\libArduinoCore.a(new.o)
 .debug_ranges  0x00000358      0x110 C:\Users\mkamuda\Documents\Projects\RCController_v3\RCController_v3\ArduinoCore\Debug\libArduinoCore.a(Print.o)
 .debug_ranges  0x00000468       0x60 C:\Users\mkamuda\Documents\Projects\RCController_v3\RCController_v3\ArduinoCore\Debug\libArduinoCore.a(WInterrupts.o)
 .debug_ranges  0x000004c8       0x38 C:\Users\mkamuda\Documents\Projects\RCController_v3\RCController_v3\ArduinoCore\Debug\libArduinoCore.a(wiring.o)
 .debug_ranges  0x00000500       0x20 C:\Users\mkamuda\Documents\Projects\RCController_v3\RCController_v3\ArduinoCore\Debug\libArduinoCore.a(wiring_analog.o)
 .debug_ranges  0x00000520       0x28 C:\Users\mkamuda\Documents\Projects\RCController_v3\RCController_v3\ArduinoCore\Debug\libArduinoCore.a(wiring_digital.o)
 .debug_ranges  0x00000548       0x18 C:\Users\mkamuda\Documents\Projects\RCController_v3\RCController_v3\ArduinoCore\Debug\libArduinoCore.a(wiring_shift.o)
 .debug_ranges  0x00000560       0x10 C:\Users\mkamuda\Documents\Projects\RCController_v3\RCController_v3\ArduinoCore\Debug\libArduinoCore.a(hooks.o)

.debug_macro
 *(.debug_macro)
OUTPUT(RCController.elf elf32-avr)
LOAD linker stubs
