Archive member included to satisfy reference by file (symbol)

C:\Users\Bunchu\Documents\GitHub\RCController_v3\RCController_v3\ArduinoCore\Debug\libArduinoCore.a(main.o)
                              F:/Atmel/Studio/7.0/Packs/atmel/ATmega_DFP/1.2.132/gcc/dev/atmega2560/avr6/crtatmega2560.o (main)
C:\Users\Bunchu\Documents\GitHub\RCController_v3\RCController_v3\ArduinoCore\Debug\libArduinoCore.a(new.o)
                              LiquidCrystal.o (_Znwj)
C:\Users\Bunchu\Documents\GitHub\RCController_v3\RCController_v3\ArduinoCore\Debug\libArduinoCore.a(Print.o)
                              LiquidCrystal.o (_ZN5Print5writeEPKhj)
C:\Users\Bunchu\Documents\GitHub\RCController_v3\RCController_v3\ArduinoCore\Debug\libArduinoCore.a(WInterrupts.o)
                              controller.o (attachInterrupt)
C:\Users\Bunchu\Documents\GitHub\RCController_v3\RCController_v3\ArduinoCore\Debug\libArduinoCore.a(wiring.o)
                              controller.o (delay)
C:\Users\Bunchu\Documents\GitHub\RCController_v3\RCController_v3\ArduinoCore\Debug\libArduinoCore.a(wiring_analog.o)
                              controller.o (analogRead)
C:\Users\Bunchu\Documents\GitHub\RCController_v3\RCController_v3\ArduinoCore\Debug\libArduinoCore.a(wiring_digital.o)
                              controller.o (pinMode)
C:\Users\Bunchu\Documents\GitHub\RCController_v3\RCController_v3\ArduinoCore\Debug\libArduinoCore.a(wiring_shift.o)
                              led_shift_register.o (shiftOut)
C:\Users\Bunchu\Documents\GitHub\RCController_v3\RCController_v3\ArduinoCore\Debug\libArduinoCore.a(abi.o)
                              C:\Users\Bunchu\Documents\GitHub\RCController_v3\RCController_v3\ArduinoCore\Debug\libArduinoCore.a(Print.o) (__cxa_pure_virtual)
C:\Users\Bunchu\Documents\GitHub\RCController_v3\RCController_v3\ArduinoCore\Debug\libArduinoCore.a(hooks.o)
                              C:\Users\Bunchu\Documents\GitHub\RCController_v3\RCController_v3\ArduinoCore\Debug\libArduinoCore.a(wiring.o) (yield)
f:/atmel/studio/7.0/toolchain/avr8/avr8-gnu-toolchain/bin/../lib/gcc/avr/5.4.0/../../../../avr/lib/avr6\libm.a(addsf3.o)
                              C:\Users\Bunchu\Documents\GitHub\RCController_v3\RCController_v3\ArduinoCore\Debug\libArduinoCore.a(Print.o) (__subsf3)
f:/atmel/studio/7.0/toolchain/avr8/avr8-gnu-toolchain/bin/../lib/gcc/avr/5.4.0/../../../../avr/lib/avr6\libm.a(addsf3x.o)
                              f:/atmel/studio/7.0/toolchain/avr8/avr8-gnu-toolchain/bin/../lib/gcc/avr/5.4.0/../../../../avr/lib/avr6\libm.a(addsf3.o) (__addsf3x)
f:/atmel/studio/7.0/toolchain/avr8/avr8-gnu-toolchain/bin/../lib/gcc/avr/5.4.0/../../../../avr/lib/avr6\libm.a(cmpsf2.o)
                              C:\Users\Bunchu\Documents\GitHub\RCController_v3\RCController_v3\ArduinoCore\Debug\libArduinoCore.a(Print.o) (__ltsf2)
f:/atmel/studio/7.0/toolchain/avr8/avr8-gnu-toolchain/bin/../lib/gcc/avr/5.4.0/../../../../avr/lib/avr6\libm.a(divsf3.o)
                              C:\Users\Bunchu\Documents\GitHub\RCController_v3\RCController_v3\ArduinoCore\Debug\libArduinoCore.a(Print.o) (__divsf3)
f:/atmel/studio/7.0/toolchain/avr8/avr8-gnu-toolchain/bin/../lib/gcc/avr/5.4.0/../../../../avr/lib/avr6\libm.a(divsf3x.o)
                              f:/atmel/studio/7.0/toolchain/avr8/avr8-gnu-toolchain/bin/../lib/gcc/avr/5.4.0/../../../../avr/lib/avr6\libm.a(divsf3.o) (__divsf3x)
f:/atmel/studio/7.0/toolchain/avr8/avr8-gnu-toolchain/bin/../lib/gcc/avr/5.4.0/../../../../avr/lib/avr6\libm.a(fixunssfsi.o)
                              C:\Users\Bunchu\Documents\GitHub\RCController_v3\RCController_v3\ArduinoCore\Debug\libArduinoCore.a(Print.o) (__fixunssfsi)
f:/atmel/studio/7.0/toolchain/avr8/avr8-gnu-toolchain/bin/../lib/gcc/avr/5.4.0/../../../../avr/lib/avr6\libm.a(floatsisf.o)
                              C:\Users\Bunchu\Documents\GitHub\RCController_v3\RCController_v3\ArduinoCore\Debug\libArduinoCore.a(Print.o) (__floatunsisf)
f:/atmel/studio/7.0/toolchain/avr8/avr8-gnu-toolchain/bin/../lib/gcc/avr/5.4.0/../../../../avr/lib/avr6\libm.a(fp_cmp.o)
                              f:/atmel/studio/7.0/toolchain/avr8/avr8-gnu-toolchain/bin/../lib/gcc/avr/5.4.0/../../../../avr/lib/avr6\libm.a(cmpsf2.o) (__fp_cmp)
f:/atmel/studio/7.0/toolchain/avr8/avr8-gnu-toolchain/bin/../lib/gcc/avr/5.4.0/../../../../avr/lib/avr6\libm.a(fp_inf.o)
                              f:/atmel/studio/7.0/toolchain/avr8/avr8-gnu-toolchain/bin/../lib/gcc/avr/5.4.0/../../../../avr/lib/avr6\libm.a(addsf3x.o) (__fp_inf)
f:/atmel/studio/7.0/toolchain/avr8/avr8-gnu-toolchain/bin/../lib/gcc/avr/5.4.0/../../../../avr/lib/avr6\libm.a(fp_nan.o)
                              f:/atmel/studio/7.0/toolchain/avr8/avr8-gnu-toolchain/bin/../lib/gcc/avr/5.4.0/../../../../avr/lib/avr6\libm.a(addsf3x.o) (__fp_nan)
f:/atmel/studio/7.0/toolchain/avr8/avr8-gnu-toolchain/bin/../lib/gcc/avr/5.4.0/../../../../avr/lib/avr6\libm.a(fp_pscA.o)
                              f:/atmel/studio/7.0/toolchain/avr8/avr8-gnu-toolchain/bin/../lib/gcc/avr/5.4.0/../../../../avr/lib/avr6\libm.a(addsf3x.o) (__fp_pscA)
f:/atmel/studio/7.0/toolchain/avr8/avr8-gnu-toolchain/bin/../lib/gcc/avr/5.4.0/../../../../avr/lib/avr6\libm.a(fp_pscB.o)
                              f:/atmel/studio/7.0/toolchain/avr8/avr8-gnu-toolchain/bin/../lib/gcc/avr/5.4.0/../../../../avr/lib/avr6\libm.a(addsf3x.o) (__fp_pscB)
f:/atmel/studio/7.0/toolchain/avr8/avr8-gnu-toolchain/bin/../lib/gcc/avr/5.4.0/../../../../avr/lib/avr6\libm.a(fp_round.o)
                              f:/atmel/studio/7.0/toolchain/avr8/avr8-gnu-toolchain/bin/../lib/gcc/avr/5.4.0/../../../../avr/lib/avr6\libm.a(addsf3.o) (__fp_round)
f:/atmel/studio/7.0/toolchain/avr8/avr8-gnu-toolchain/bin/../lib/gcc/avr/5.4.0/../../../../avr/lib/avr6\libm.a(fp_split3.o)
                              f:/atmel/studio/7.0/toolchain/avr8/avr8-gnu-toolchain/bin/../lib/gcc/avr/5.4.0/../../../../avr/lib/avr6\libm.a(addsf3x.o) (__fp_split3)
f:/atmel/studio/7.0/toolchain/avr8/avr8-gnu-toolchain/bin/../lib/gcc/avr/5.4.0/../../../../avr/lib/avr6\libm.a(fp_zero.o)
                              f:/atmel/studio/7.0/toolchain/avr8/avr8-gnu-toolchain/bin/../lib/gcc/avr/5.4.0/../../../../avr/lib/avr6\libm.a(addsf3x.o) (__fp_zero)
f:/atmel/studio/7.0/toolchain/avr8/avr8-gnu-toolchain/bin/../lib/gcc/avr/5.4.0/../../../../avr/lib/avr6\libm.a(gesf2.o)
                              C:\Users\Bunchu\Documents\GitHub\RCController_v3\RCController_v3\ArduinoCore\Debug\libArduinoCore.a(Print.o) (__gtsf2)
f:/atmel/studio/7.0/toolchain/avr8/avr8-gnu-toolchain/bin/../lib/gcc/avr/5.4.0/../../../../avr/lib/avr6\libm.a(mulsf3.o)
                              C:\Users\Bunchu\Documents\GitHub\RCController_v3\RCController_v3\ArduinoCore\Debug\libArduinoCore.a(Print.o) (__mulsf3)
f:/atmel/studio/7.0/toolchain/avr8/avr8-gnu-toolchain/bin/../lib/gcc/avr/5.4.0/../../../../avr/lib/avr6\libm.a(mulsf3x.o)
                              f:/atmel/studio/7.0/toolchain/avr8/avr8-gnu-toolchain/bin/../lib/gcc/avr/5.4.0/../../../../avr/lib/avr6\libm.a(mulsf3.o) (__mulsf3x)
f:/atmel/studio/7.0/toolchain/avr8/avr8-gnu-toolchain/bin/../lib/gcc/avr/5.4.0/../../../../avr/lib/avr6\libm.a(unordsf2.o)
                              C:\Users\Bunchu\Documents\GitHub\RCController_v3\RCController_v3\ArduinoCore\Debug\libArduinoCore.a(Print.o) (__unordsf2)
f:/atmel/studio/7.0/toolchain/avr8/avr8-gnu-toolchain/bin/../lib/gcc/avr/5.4.0/avr6\libgcc.a(_udivmodsi4.o)
                              C:\Users\Bunchu\Documents\GitHub\RCController_v3\RCController_v3\ArduinoCore\Debug\libArduinoCore.a(Print.o) (__udivmodsi4)
f:/atmel/studio/7.0/toolchain/avr8/avr8-gnu-toolchain/bin/../lib/gcc/avr/5.4.0/avr6\libgcc.a(_exit.o)
                              F:/Atmel/Studio/7.0/Packs/atmel/ATmega_DFP/1.2.132/gcc/dev/atmega2560/avr6/crtatmega2560.o (exit)
f:/atmel/studio/7.0/toolchain/avr8/avr8-gnu-toolchain/bin/../lib/gcc/avr/5.4.0/avr6\libgcc.a(_tablejump2.o)
                              C:\Users\Bunchu\Documents\GitHub\RCController_v3\RCController_v3\ArduinoCore\Debug\libArduinoCore.a(WInterrupts.o) (__tablejump2__)
f:/atmel/studio/7.0/toolchain/avr8/avr8-gnu-toolchain/bin/../lib/gcc/avr/5.4.0/avr6\libgcc.a(_copy_data.o)
                              controller.o (__do_copy_data)
f:/atmel/studio/7.0/toolchain/avr8/avr8-gnu-toolchain/bin/../lib/gcc/avr/5.4.0/avr6\libgcc.a(_clear_bss.o)
                              controller.o (__do_clear_bss)
f:/atmel/studio/7.0/toolchain/avr8/avr8-gnu-toolchain/bin/../lib/gcc/avr/5.4.0/../../../../avr/lib/avr6\libc.a(malloc.o)
                              analog_joystick.o (malloc)
f:/atmel/studio/7.0/toolchain/avr8/avr8-gnu-toolchain/bin/../lib/gcc/avr/5.4.0/../../../../avr/lib/avr6\libc.a(abort.o)
                              C:\Users\Bunchu\Documents\GitHub\RCController_v3\RCController_v3\ArduinoCore\Debug\libArduinoCore.a(abi.o) (abort)

Allocating common symbols
Common symbol       size              file

rc_controller       0xc               sketch.o
__brkval            0x2               f:/atmel/studio/7.0/toolchain/avr8/avr8-gnu-toolchain/bin/../lib/gcc/avr/5.4.0/../../../../avr/lib/avr6\libc.a(malloc.o)
__flp               0x2               f:/atmel/studio/7.0/toolchain/avr8/avr8-gnu-toolchain/bin/../lib/gcc/avr/5.4.0/../../../../avr/lib/avr6\libc.a(malloc.o)

Discarded input sections

 .data          0x00000000        0x0 F:/Atmel/Studio/7.0/Packs/atmel/ATmega_DFP/1.2.132/gcc/dev/atmega2560/avr6/crtatmega2560.o
 .bss           0x00000000        0x0 F:/Atmel/Studio/7.0/Packs/atmel/ATmega_DFP/1.2.132/gcc/dev/atmega2560/avr6/crtatmega2560.o
 .text          0x00000000        0x0 analog_joystick.o
 .data          0x00000000        0x0 analog_joystick.o
 .bss           0x00000000        0x0 analog_joystick.o
 .text          0x00000000        0x0 controller.o
 .data          0x00000000        0x0 controller.o
 .bss           0x00000000        0x0 controller.o
 .text.controller_clear
                0x00000000       0x32 controller.o
 COMMON         0x00000000        0x0 controller.o
 .text          0x00000000        0x0 led_shift_register.o
 .data          0x00000000        0x0 led_shift_register.o
 .bss           0x00000000        0x0 led_shift_register.o
 .text          0x00000000        0x0 light_control_leds.o
 .data          0x00000000        0x0 light_control_leds.o
 .bss           0x00000000        0x0 light_control_leds.o
 .group         0x00000000        0x8 LiquidCrystal.o
 .group         0x00000000        0x8 LiquidCrystal.o
 .group         0x00000000        0x8 LiquidCrystal.o
 .text          0x00000000        0x0 LiquidCrystal.o
 .data          0x00000000        0x0 LiquidCrystal.o
 .bss           0x00000000        0x0 LiquidCrystal.o
 .text._ZN13LiquidCrystal13setRowOffsetsEiiii
                0x00000000       0x10 LiquidCrystal.o
 .text._ZN13LiquidCrystal4homeEv
                0x00000000        0xe LiquidCrystal.o
 .text._ZN13LiquidCrystal9noDisplayEv
                0x00000000        0xe LiquidCrystal.o
 .text._ZN13LiquidCrystal4initEhhhhhhhhhhhh
                0x00000000       0x58 LiquidCrystal.o
 .text._ZN13LiquidCrystalC2Ehhhhhhhhhhh
                0x00000000       0x5a LiquidCrystal.o
 .text._ZN13LiquidCrystalC2Ehhhhhhhhhh
                0x00000000       0x5a LiquidCrystal.o
 .text._ZN13LiquidCrystalC2Ehhhhhhh
                0x00000000       0x42 LiquidCrystal.o
 .text._ZN13LiquidCrystal8noCursorEv
                0x00000000        0xe LiquidCrystal.o
 .text._ZN13LiquidCrystal6cursorEv
                0x00000000       0x10 LiquidCrystal.o
 .text._ZN13LiquidCrystal7noBlinkEv
                0x00000000        0xe LiquidCrystal.o
 .text._ZN13LiquidCrystal5blinkEv
                0x00000000       0x10 LiquidCrystal.o
 .text._ZN13LiquidCrystal17scrollDisplayLeftEv
                0x00000000        0x6 LiquidCrystal.o
 .text._ZN13LiquidCrystal18scrollDisplayRightEv
                0x00000000        0x6 LiquidCrystal.o
 .text._ZN13LiquidCrystal11leftToRightEv
                0x00000000       0x10 LiquidCrystal.o
 .text._ZN13LiquidCrystal11rightToLeftEv
                0x00000000        0xe LiquidCrystal.o
 .text._ZN13LiquidCrystal10autoscrollEv
                0x00000000       0x10 LiquidCrystal.o
 .text._ZN13LiquidCrystal12noAutoscrollEv
                0x00000000        0xe LiquidCrystal.o
 .text._ZN13LiquidCrystal10createCharEhPh
                0x00000000       0x50 LiquidCrystal.o
 .text._Z18get_liquid_crystalhhhhhh
                0x00000000       0x4a LiquidCrystal.o
 .text._Z19free_liquid_crystalPv
                0x00000000        0x4 LiquidCrystal.o
 .text          0x00000000        0x0 liquid_crystal_wrapper.o
 .data          0x00000000        0x0 liquid_crystal_wrapper.o
 .bss           0x00000000        0x0 liquid_crystal_wrapper.o
 .text.lcd_free
                0x00000000        0x4 liquid_crystal_wrapper.o
 .bss.controller_lcd
                0x00000000        0x2 liquid_crystal_wrapper.o
 .text          0x00000000        0x0 sketch.o
 .data          0x00000000        0x0 sketch.o
 .bss           0x00000000        0x0 sketch.o
 .text          0x00000000        0x0 tact_switch_board.o
 .data          0x00000000        0x0 tact_switch_board.o
 .bss           0x00000000        0x0 tact_switch_board.o
 .text          0x00000000        0x0 C:\Users\Bunchu\Documents\GitHub\RCController_v3\RCController_v3\ArduinoCore\Debug\libArduinoCore.a(main.o)
 .data          0x00000000        0x0 C:\Users\Bunchu\Documents\GitHub\RCController_v3\RCController_v3\ArduinoCore\Debug\libArduinoCore.a(main.o)
 .bss           0x00000000        0x0 C:\Users\Bunchu\Documents\GitHub\RCController_v3\RCController_v3\ArduinoCore\Debug\libArduinoCore.a(main.o)
 .text.atexit   0x00000000        0x6 C:\Users\Bunchu\Documents\GitHub\RCController_v3\RCController_v3\ArduinoCore\Debug\libArduinoCore.a(main.o)
 .text._Z8setupUSBv
                0x00000000        0x2 C:\Users\Bunchu\Documents\GitHub\RCController_v3\RCController_v3\ArduinoCore\Debug\libArduinoCore.a(main.o)
 .text          0x00000000        0x0 C:\Users\Bunchu\Documents\GitHub\RCController_v3\RCController_v3\ArduinoCore\Debug\libArduinoCore.a(new.o)
 .data          0x00000000        0x0 C:\Users\Bunchu\Documents\GitHub\RCController_v3\RCController_v3\ArduinoCore\Debug\libArduinoCore.a(new.o)
 .bss           0x00000000        0x0 C:\Users\Bunchu\Documents\GitHub\RCController_v3\RCController_v3\ArduinoCore\Debug\libArduinoCore.a(new.o)
 .text._Znaj    0x00000000        0x4 C:\Users\Bunchu\Documents\GitHub\RCController_v3\RCController_v3\ArduinoCore\Debug\libArduinoCore.a(new.o)
 .text._ZdlPv   0x00000000        0x4 C:\Users\Bunchu\Documents\GitHub\RCController_v3\RCController_v3\ArduinoCore\Debug\libArduinoCore.a(new.o)
 .text._ZdaPv   0x00000000        0x4 C:\Users\Bunchu\Documents\GitHub\RCController_v3\RCController_v3\ArduinoCore\Debug\libArduinoCore.a(new.o)
 .group         0x00000000        0x8 C:\Users\Bunchu\Documents\GitHub\RCController_v3\RCController_v3\ArduinoCore\Debug\libArduinoCore.a(Print.o)
 .group         0x00000000        0x8 C:\Users\Bunchu\Documents\GitHub\RCController_v3\RCController_v3\ArduinoCore\Debug\libArduinoCore.a(Print.o)
 .text          0x00000000        0x0 C:\Users\Bunchu\Documents\GitHub\RCController_v3\RCController_v3\ArduinoCore\Debug\libArduinoCore.a(Print.o)
 .data          0x00000000        0x0 C:\Users\Bunchu\Documents\GitHub\RCController_v3\RCController_v3\ArduinoCore\Debug\libArduinoCore.a(Print.o)
 .bss           0x00000000        0x0 C:\Users\Bunchu\Documents\GitHub\RCController_v3\RCController_v3\ArduinoCore\Debug\libArduinoCore.a(Print.o)
 .text._ZN5Print5printEPK19__FlashStringHelper
                0x00000000       0x48 C:\Users\Bunchu\Documents\GitHub\RCController_v3\RCController_v3\ArduinoCore\Debug\libArduinoCore.a(Print.o)
 .text._ZN5Print5printERK6String
                0x00000000       0x1c C:\Users\Bunchu\Documents\GitHub\RCController_v3\RCController_v3\ArduinoCore\Debug\libArduinoCore.a(Print.o)
 .text._ZN5Print5printEc
                0x00000000        0xe C:\Users\Bunchu\Documents\GitHub\RCController_v3\RCController_v3\ArduinoCore\Debug\libArduinoCore.a(Print.o)
 .text._ZN5Print5printERK9Printable
                0x00000000       0x14 C:\Users\Bunchu\Documents\GitHub\RCController_v3\RCController_v3\ArduinoCore\Debug\libArduinoCore.a(Print.o)
 .rodata.str1.1
                0x00000000        0xf C:\Users\Bunchu\Documents\GitHub\RCController_v3\RCController_v3\ArduinoCore\Debug\libArduinoCore.a(Print.o)
 .text._ZN5Print7printlnEv
                0x00000000        0x8 C:\Users\Bunchu\Documents\GitHub\RCController_v3\RCController_v3\ArduinoCore\Debug\libArduinoCore.a(Print.o)
 .text._ZN5Print7printlnEPK19__FlashStringHelper
                0x00000000       0x24 C:\Users\Bunchu\Documents\GitHub\RCController_v3\RCController_v3\ArduinoCore\Debug\libArduinoCore.a(Print.o)
 .text._ZN5Print7printlnERK6String
                0x00000000       0x24 C:\Users\Bunchu\Documents\GitHub\RCController_v3\RCController_v3\ArduinoCore\Debug\libArduinoCore.a(Print.o)
 .text._ZN5Print7printlnEPKc
                0x00000000       0x24 C:\Users\Bunchu\Documents\GitHub\RCController_v3\RCController_v3\ArduinoCore\Debug\libArduinoCore.a(Print.o)
 .text._ZN5Print7printlnEc
                0x00000000       0x24 C:\Users\Bunchu\Documents\GitHub\RCController_v3\RCController_v3\ArduinoCore\Debug\libArduinoCore.a(Print.o)
 .text._ZN5Print7printlnERK9Printable
                0x00000000       0x24 C:\Users\Bunchu\Documents\GitHub\RCController_v3\RCController_v3\ArduinoCore\Debug\libArduinoCore.a(Print.o)
 .text._ZN5Print11printNumberEmh
                0x00000000       0x92 C:\Users\Bunchu\Documents\GitHub\RCController_v3\RCController_v3\ArduinoCore\Debug\libArduinoCore.a(Print.o)
 .text._ZN5Print5printEmi
                0x00000000       0x1a C:\Users\Bunchu\Documents\GitHub\RCController_v3\RCController_v3\ArduinoCore\Debug\libArduinoCore.a(Print.o)
 .text._ZN5Print5printEhi
                0x00000000        0xe C:\Users\Bunchu\Documents\GitHub\RCController_v3\RCController_v3\ArduinoCore\Debug\libArduinoCore.a(Print.o)
 .text._ZN5Print7printlnEhi
                0x00000000       0x24 C:\Users\Bunchu\Documents\GitHub\RCController_v3\RCController_v3\ArduinoCore\Debug\libArduinoCore.a(Print.o)
 .text._ZN5Print5printEji
                0x00000000        0xc C:\Users\Bunchu\Documents\GitHub\RCController_v3\RCController_v3\ArduinoCore\Debug\libArduinoCore.a(Print.o)
 .text._ZN5Print7printlnEji
                0x00000000       0x24 C:\Users\Bunchu\Documents\GitHub\RCController_v3\RCController_v3\ArduinoCore\Debug\libArduinoCore.a(Print.o)
 .text._ZN5Print7printlnEmi
                0x00000000       0x24 C:\Users\Bunchu\Documents\GitHub\RCController_v3\RCController_v3\ArduinoCore\Debug\libArduinoCore.a(Print.o)
 .text._ZN5Print5printEli
                0x00000000       0x90 C:\Users\Bunchu\Documents\GitHub\RCController_v3\RCController_v3\ArduinoCore\Debug\libArduinoCore.a(Print.o)
 .text._ZN5Print5printEii
                0x00000000        0xe C:\Users\Bunchu\Documents\GitHub\RCController_v3\RCController_v3\ArduinoCore\Debug\libArduinoCore.a(Print.o)
 .text._ZN5Print7printlnEii
                0x00000000       0x24 C:\Users\Bunchu\Documents\GitHub\RCController_v3\RCController_v3\ArduinoCore\Debug\libArduinoCore.a(Print.o)
 .text._ZN5Print7printlnEli
                0x00000000       0x24 C:\Users\Bunchu\Documents\GitHub\RCController_v3\RCController_v3\ArduinoCore\Debug\libArduinoCore.a(Print.o)
 .text._ZN5Print10printFloatEdh
                0x00000000      0x1b6 C:\Users\Bunchu\Documents\GitHub\RCController_v3\RCController_v3\ArduinoCore\Debug\libArduinoCore.a(Print.o)
 .text._ZN5Print5printEdi
                0x00000000        0x4 C:\Users\Bunchu\Documents\GitHub\RCController_v3\RCController_v3\ArduinoCore\Debug\libArduinoCore.a(Print.o)
 .text._ZN5Print7printlnEdi
                0x00000000       0x24 C:\Users\Bunchu\Documents\GitHub\RCController_v3\RCController_v3\ArduinoCore\Debug\libArduinoCore.a(Print.o)
 .rodata._ZTV5Print
                0x00000000        0x8 C:\Users\Bunchu\Documents\GitHub\RCController_v3\RCController_v3\ArduinoCore\Debug\libArduinoCore.a(Print.o)
 .text          0x00000000        0x0 C:\Users\Bunchu\Documents\GitHub\RCController_v3\RCController_v3\ArduinoCore\Debug\libArduinoCore.a(WInterrupts.o)
 .data          0x00000000        0x0 C:\Users\Bunchu\Documents\GitHub\RCController_v3\RCController_v3\ArduinoCore\Debug\libArduinoCore.a(WInterrupts.o)
 .bss           0x00000000        0x0 C:\Users\Bunchu\Documents\GitHub\RCController_v3\RCController_v3\ArduinoCore\Debug\libArduinoCore.a(WInterrupts.o)
 .text.detachInterrupt
                0x00000000       0x54 C:\Users\Bunchu\Documents\GitHub\RCController_v3\RCController_v3\ArduinoCore\Debug\libArduinoCore.a(WInterrupts.o)
 .progmem.gcc_sw_table.detachInterrupt
                0x00000000        0xe C:\Users\Bunchu\Documents\GitHub\RCController_v3\RCController_v3\ArduinoCore\Debug\libArduinoCore.a(WInterrupts.o)
 .text          0x00000000        0x0 C:\Users\Bunchu\Documents\GitHub\RCController_v3\RCController_v3\ArduinoCore\Debug\libArduinoCore.a(wiring.o)
 .data          0x00000000        0x0 C:\Users\Bunchu\Documents\GitHub\RCController_v3\RCController_v3\ArduinoCore\Debug\libArduinoCore.a(wiring.o)
 .bss           0x00000000        0x0 C:\Users\Bunchu\Documents\GitHub\RCController_v3\RCController_v3\ArduinoCore\Debug\libArduinoCore.a(wiring.o)
 .text.millis   0x00000000       0x18 C:\Users\Bunchu\Documents\GitHub\RCController_v3\RCController_v3\ArduinoCore\Debug\libArduinoCore.a(wiring.o)
 .text          0x00000000        0x0 C:\Users\Bunchu\Documents\GitHub\RCController_v3\RCController_v3\ArduinoCore\Debug\libArduinoCore.a(wiring_analog.o)
 .data          0x00000000        0x0 C:\Users\Bunchu\Documents\GitHub\RCController_v3\RCController_v3\ArduinoCore\Debug\libArduinoCore.a(wiring_analog.o)
 .bss           0x00000000        0x0 C:\Users\Bunchu\Documents\GitHub\RCController_v3\RCController_v3\ArduinoCore\Debug\libArduinoCore.a(wiring_analog.o)
 .text.analogReference
                0x00000000        0x6 C:\Users\Bunchu\Documents\GitHub\RCController_v3\RCController_v3\ArduinoCore\Debug\libArduinoCore.a(wiring_analog.o)
 .text.analogWrite
                0x00000000      0x192 C:\Users\Bunchu\Documents\GitHub\RCController_v3\RCController_v3\ArduinoCore\Debug\libArduinoCore.a(wiring_analog.o)
 .progmem.gcc_sw_table.analogWrite
                0x00000000       0x24 C:\Users\Bunchu\Documents\GitHub\RCController_v3\RCController_v3\ArduinoCore\Debug\libArduinoCore.a(wiring_analog.o)
 .text          0x00000000        0x0 C:\Users\Bunchu\Documents\GitHub\RCController_v3\RCController_v3\ArduinoCore\Debug\libArduinoCore.a(wiring_digital.o)
 .data          0x00000000        0x0 C:\Users\Bunchu\Documents\GitHub\RCController_v3\RCController_v3\ArduinoCore\Debug\libArduinoCore.a(wiring_digital.o)
 .bss           0x00000000        0x0 C:\Users\Bunchu\Documents\GitHub\RCController_v3\RCController_v3\ArduinoCore\Debug\libArduinoCore.a(wiring_digital.o)
 .text.digitalRead
                0x00000000       0x52 C:\Users\Bunchu\Documents\GitHub\RCController_v3\RCController_v3\ArduinoCore\Debug\libArduinoCore.a(wiring_digital.o)
 .progmem.data.port_to_input_PGM
                0x00000000       0x1a C:\Users\Bunchu\Documents\GitHub\RCController_v3\RCController_v3\ArduinoCore\Debug\libArduinoCore.a(wiring_digital.o)
 .text          0x00000000        0x0 C:\Users\Bunchu\Documents\GitHub\RCController_v3\RCController_v3\ArduinoCore\Debug\libArduinoCore.a(wiring_shift.o)
 .data          0x00000000        0x0 C:\Users\Bunchu\Documents\GitHub\RCController_v3\RCController_v3\ArduinoCore\Debug\libArduinoCore.a(wiring_shift.o)
 .bss           0x00000000        0x0 C:\Users\Bunchu\Documents\GitHub\RCController_v3\RCController_v3\ArduinoCore\Debug\libArduinoCore.a(wiring_shift.o)
 .text.shiftIn  0x00000000       0x76 C:\Users\Bunchu\Documents\GitHub\RCController_v3\RCController_v3\ArduinoCore\Debug\libArduinoCore.a(wiring_shift.o)
 .text          0x00000000        0x0 C:\Users\Bunchu\Documents\GitHub\RCController_v3\RCController_v3\ArduinoCore\Debug\libArduinoCore.a(abi.o)
 .data          0x00000000        0x0 C:\Users\Bunchu\Documents\GitHub\RCController_v3\RCController_v3\ArduinoCore\Debug\libArduinoCore.a(abi.o)
 .bss           0x00000000        0x0 C:\Users\Bunchu\Documents\GitHub\RCController_v3\RCController_v3\ArduinoCore\Debug\libArduinoCore.a(abi.o)
 .text.__cxa_pure_virtual
                0x00000000        0x4 C:\Users\Bunchu\Documents\GitHub\RCController_v3\RCController_v3\ArduinoCore\Debug\libArduinoCore.a(abi.o)
 .text.__cxa_deleted_virtual
                0x00000000        0x4 C:\Users\Bunchu\Documents\GitHub\RCController_v3\RCController_v3\ArduinoCore\Debug\libArduinoCore.a(abi.o)
 .debug_info    0x00000000       0x76 C:\Users\Bunchu\Documents\GitHub\RCController_v3\RCController_v3\ArduinoCore\Debug\libArduinoCore.a(abi.o)
 .debug_abbrev  0x00000000       0x6d C:\Users\Bunchu\Documents\GitHub\RCController_v3\RCController_v3\ArduinoCore\Debug\libArduinoCore.a(abi.o)
 .debug_aranges
                0x00000000       0x20 C:\Users\Bunchu\Documents\GitHub\RCController_v3\RCController_v3\ArduinoCore\Debug\libArduinoCore.a(abi.o)
 .debug_ranges  0x00000000       0x10 C:\Users\Bunchu\Documents\GitHub\RCController_v3\RCController_v3\ArduinoCore\Debug\libArduinoCore.a(abi.o)
 .debug_line    0x00000000       0x95 C:\Users\Bunchu\Documents\GitHub\RCController_v3\RCController_v3\ArduinoCore\Debug\libArduinoCore.a(abi.o)
 .debug_str     0x00000000      0x1a4 C:\Users\Bunchu\Documents\GitHub\RCController_v3\RCController_v3\ArduinoCore\Debug\libArduinoCore.a(abi.o)
 .comment       0x00000000       0x31 C:\Users\Bunchu\Documents\GitHub\RCController_v3\RCController_v3\ArduinoCore\Debug\libArduinoCore.a(abi.o)
 .debug_frame   0x00000000       0x34 C:\Users\Bunchu\Documents\GitHub\RCController_v3\RCController_v3\ArduinoCore\Debug\libArduinoCore.a(abi.o)
 .text          0x00000000        0x0 C:\Users\Bunchu\Documents\GitHub\RCController_v3\RCController_v3\ArduinoCore\Debug\libArduinoCore.a(hooks.o)
 .data          0x00000000        0x0 C:\Users\Bunchu\Documents\GitHub\RCController_v3\RCController_v3\ArduinoCore\Debug\libArduinoCore.a(hooks.o)
 .bss           0x00000000        0x0 C:\Users\Bunchu\Documents\GitHub\RCController_v3\RCController_v3\ArduinoCore\Debug\libArduinoCore.a(hooks.o)
 .text          0x00000000        0x0 f:/atmel/studio/7.0/toolchain/avr8/avr8-gnu-toolchain/bin/../lib/gcc/avr/5.4.0/../../../../avr/lib/avr6\libm.a(addsf3.o)
 .data          0x00000000        0x0 f:/atmel/studio/7.0/toolchain/avr8/avr8-gnu-toolchain/bin/../lib/gcc/avr/5.4.0/../../../../avr/lib/avr6\libm.a(addsf3.o)
 .bss           0x00000000        0x0 f:/atmel/studio/7.0/toolchain/avr8/avr8-gnu-toolchain/bin/../lib/gcc/avr/5.4.0/../../../../avr/lib/avr6\libm.a(addsf3.o)
 .text.avr-libc.fplib
                0x00000000        0xe f:/atmel/studio/7.0/toolchain/avr8/avr8-gnu-toolchain/bin/../lib/gcc/avr/5.4.0/../../../../avr/lib/avr6\libm.a(addsf3.o)
 .text          0x00000000        0x0 f:/atmel/studio/7.0/toolchain/avr8/avr8-gnu-toolchain/bin/../lib/gcc/avr/5.4.0/../../../../avr/lib/avr6\libm.a(addsf3x.o)
 .data          0x00000000        0x0 f:/atmel/studio/7.0/toolchain/avr8/avr8-gnu-toolchain/bin/../lib/gcc/avr/5.4.0/../../../../avr/lib/avr6\libm.a(addsf3x.o)
 .bss           0x00000000        0x0 f:/atmel/studio/7.0/toolchain/avr8/avr8-gnu-toolchain/bin/../lib/gcc/avr/5.4.0/../../../../avr/lib/avr6\libm.a(addsf3x.o)
 .text.avr-libc.fplib
                0x00000000       0xcc f:/atmel/studio/7.0/toolchain/avr8/avr8-gnu-toolchain/bin/../lib/gcc/avr/5.4.0/../../../../avr/lib/avr6\libm.a(addsf3x.o)
 .text          0x00000000        0x0 f:/atmel/studio/7.0/toolchain/avr8/avr8-gnu-toolchain/bin/../lib/gcc/avr/5.4.0/../../../../avr/lib/avr6\libm.a(cmpsf2.o)
 .data          0x00000000        0x0 f:/atmel/studio/7.0/toolchain/avr8/avr8-gnu-toolchain/bin/../lib/gcc/avr/5.4.0/../../../../avr/lib/avr6\libm.a(cmpsf2.o)
 .bss           0x00000000        0x0 f:/atmel/studio/7.0/toolchain/avr8/avr8-gnu-toolchain/bin/../lib/gcc/avr/5.4.0/../../../../avr/lib/avr6\libm.a(cmpsf2.o)
 .text.avr-libc.fplib
                0x00000000        0xa f:/atmel/studio/7.0/toolchain/avr8/avr8-gnu-toolchain/bin/../lib/gcc/avr/5.4.0/../../../../avr/lib/avr6\libm.a(cmpsf2.o)
 .text          0x00000000        0x0 f:/atmel/studio/7.0/toolchain/avr8/avr8-gnu-toolchain/bin/../lib/gcc/avr/5.4.0/../../../../avr/lib/avr6\libm.a(divsf3.o)
 .data          0x00000000        0x0 f:/atmel/studio/7.0/toolchain/avr8/avr8-gnu-toolchain/bin/../lib/gcc/avr/5.4.0/../../../../avr/lib/avr6\libm.a(divsf3.o)
 .bss           0x00000000        0x0 f:/atmel/studio/7.0/toolchain/avr8/avr8-gnu-toolchain/bin/../lib/gcc/avr/5.4.0/../../../../avr/lib/avr6\libm.a(divsf3.o)
 .text.avr-libc.fplib
                0x00000000        0x8 f:/atmel/studio/7.0/toolchain/avr8/avr8-gnu-toolchain/bin/../lib/gcc/avr/5.4.0/../../../../avr/lib/avr6\libm.a(divsf3.o)
 .text          0x00000000        0x0 f:/atmel/studio/7.0/toolchain/avr8/avr8-gnu-toolchain/bin/../lib/gcc/avr/5.4.0/../../../../avr/lib/avr6\libm.a(divsf3x.o)
 .data          0x00000000        0x0 f:/atmel/studio/7.0/toolchain/avr8/avr8-gnu-toolchain/bin/../lib/gcc/avr/5.4.0/../../../../avr/lib/avr6\libm.a(divsf3x.o)
 .bss           0x00000000        0x0 f:/atmel/studio/7.0/toolchain/avr8/avr8-gnu-toolchain/bin/../lib/gcc/avr/5.4.0/../../../../avr/lib/avr6\libm.a(divsf3x.o)
 .text.avr-libc.fplib
                0x00000000       0xdc f:/atmel/studio/7.0/toolchain/avr8/avr8-gnu-toolchain/bin/../lib/gcc/avr/5.4.0/../../../../avr/lib/avr6\libm.a(divsf3x.o)
 .text          0x00000000        0x0 f:/atmel/studio/7.0/toolchain/avr8/avr8-gnu-toolchain/bin/../lib/gcc/avr/5.4.0/../../../../avr/lib/avr6\libm.a(fixunssfsi.o)
 .data          0x00000000        0x0 f:/atmel/studio/7.0/toolchain/avr8/avr8-gnu-toolchain/bin/../lib/gcc/avr/5.4.0/../../../../avr/lib/avr6\libm.a(fixunssfsi.o)
 .bss           0x00000000        0x0 f:/atmel/studio/7.0/toolchain/avr8/avr8-gnu-toolchain/bin/../lib/gcc/avr/5.4.0/../../../../avr/lib/avr6\libm.a(fixunssfsi.o)
 .text.avr-libc.fplib
                0x00000000       0x5e f:/atmel/studio/7.0/toolchain/avr8/avr8-gnu-toolchain/bin/../lib/gcc/avr/5.4.0/../../../../avr/lib/avr6\libm.a(fixunssfsi.o)
 .text          0x00000000        0x0 f:/atmel/studio/7.0/toolchain/avr8/avr8-gnu-toolchain/bin/../lib/gcc/avr/5.4.0/../../../../avr/lib/avr6\libm.a(floatsisf.o)
 .data          0x00000000        0x0 f:/atmel/studio/7.0/toolchain/avr8/avr8-gnu-toolchain/bin/../lib/gcc/avr/5.4.0/../../../../avr/lib/avr6\libm.a(floatsisf.o)
 .bss           0x00000000        0x0 f:/atmel/studio/7.0/toolchain/avr8/avr8-gnu-toolchain/bin/../lib/gcc/avr/5.4.0/../../../../avr/lib/avr6\libm.a(floatsisf.o)
 .text.avr-libc.fplib
                0x00000000       0x7a f:/atmel/studio/7.0/toolchain/avr8/avr8-gnu-toolchain/bin/../lib/gcc/avr/5.4.0/../../../../avr/lib/avr6\libm.a(floatsisf.o)
 .text          0x00000000        0x0 f:/atmel/studio/7.0/toolchain/avr8/avr8-gnu-toolchain/bin/../lib/gcc/avr/5.4.0/../../../../avr/lib/avr6\libm.a(fp_cmp.o)
 .data          0x00000000        0x0 f:/atmel/studio/7.0/toolchain/avr8/avr8-gnu-toolchain/bin/../lib/gcc/avr/5.4.0/../../../../avr/lib/avr6\libm.a(fp_cmp.o)
 .bss           0x00000000        0x0 f:/atmel/studio/7.0/toolchain/avr8/avr8-gnu-toolchain/bin/../lib/gcc/avr/5.4.0/../../../../avr/lib/avr6\libm.a(fp_cmp.o)
 .text.avr-libc.fplib
                0x00000000       0x48 f:/atmel/studio/7.0/toolchain/avr8/avr8-gnu-toolchain/bin/../lib/gcc/avr/5.4.0/../../../../avr/lib/avr6\libm.a(fp_cmp.o)
 .text          0x00000000        0x0 f:/atmel/studio/7.0/toolchain/avr8/avr8-gnu-toolchain/bin/../lib/gcc/avr/5.4.0/../../../../avr/lib/avr6\libm.a(fp_inf.o)
 .data          0x00000000        0x0 f:/atmel/studio/7.0/toolchain/avr8/avr8-gnu-toolchain/bin/../lib/gcc/avr/5.4.0/../../../../avr/lib/avr6\libm.a(fp_inf.o)
 .bss           0x00000000        0x0 f:/atmel/studio/7.0/toolchain/avr8/avr8-gnu-toolchain/bin/../lib/gcc/avr/5.4.0/../../../../avr/lib/avr6\libm.a(fp_inf.o)
 .text.avr-libc.fplib
                0x00000000        0xc f:/atmel/studio/7.0/toolchain/avr8/avr8-gnu-toolchain/bin/../lib/gcc/avr/5.4.0/../../../../avr/lib/avr6\libm.a(fp_inf.o)
 .text          0x00000000        0x0 f:/atmel/studio/7.0/toolchain/avr8/avr8-gnu-toolchain/bin/../lib/gcc/avr/5.4.0/../../../../avr/lib/avr6\libm.a(fp_nan.o)
 .data          0x00000000        0x0 f:/atmel/studio/7.0/toolchain/avr8/avr8-gnu-toolchain/bin/../lib/gcc/avr/5.4.0/../../../../avr/lib/avr6\libm.a(fp_nan.o)
 .bss           0x00000000        0x0 f:/atmel/studio/7.0/toolchain/avr8/avr8-gnu-toolchain/bin/../lib/gcc/avr/5.4.0/../../../../avr/lib/avr6\libm.a(fp_nan.o)
 .text.avr-libc.fplib
                0x00000000        0x6 f:/atmel/studio/7.0/toolchain/avr8/avr8-gnu-toolchain/bin/../lib/gcc/avr/5.4.0/../../../../avr/lib/avr6\libm.a(fp_nan.o)
 .text          0x00000000        0x0 f:/atmel/studio/7.0/toolchain/avr8/avr8-gnu-toolchain/bin/../lib/gcc/avr/5.4.0/../../../../avr/lib/avr6\libm.a(fp_pscA.o)
 .data          0x00000000        0x0 f:/atmel/studio/7.0/toolchain/avr8/avr8-gnu-toolchain/bin/../lib/gcc/avr/5.4.0/../../../../avr/lib/avr6\libm.a(fp_pscA.o)
 .bss           0x00000000        0x0 f:/atmel/studio/7.0/toolchain/avr8/avr8-gnu-toolchain/bin/../lib/gcc/avr/5.4.0/../../../../avr/lib/avr6\libm.a(fp_pscA.o)
 .text.avr-libc.fplib
                0x00000000        0xe f:/atmel/studio/7.0/toolchain/avr8/avr8-gnu-toolchain/bin/../lib/gcc/avr/5.4.0/../../../../avr/lib/avr6\libm.a(fp_pscA.o)
 .text          0x00000000        0x0 f:/atmel/studio/7.0/toolchain/avr8/avr8-gnu-toolchain/bin/../lib/gcc/avr/5.4.0/../../../../avr/lib/avr6\libm.a(fp_pscB.o)
 .data          0x00000000        0x0 f:/atmel/studio/7.0/toolchain/avr8/avr8-gnu-toolchain/bin/../lib/gcc/avr/5.4.0/../../../../avr/lib/avr6\libm.a(fp_pscB.o)
 .bss           0x00000000        0x0 f:/atmel/studio/7.0/toolchain/avr8/avr8-gnu-toolchain/bin/../lib/gcc/avr/5.4.0/../../../../avr/lib/avr6\libm.a(fp_pscB.o)
 .text.avr-libc.fplib
                0x00000000        0xe f:/atmel/studio/7.0/toolchain/avr8/avr8-gnu-toolchain/bin/../lib/gcc/avr/5.4.0/../../../../avr/lib/avr6\libm.a(fp_pscB.o)
 .text          0x00000000        0x0 f:/atmel/studio/7.0/toolchain/avr8/avr8-gnu-toolchain/bin/../lib/gcc/avr/5.4.0/../../../../avr/lib/avr6\libm.a(fp_round.o)
 .data          0x00000000        0x0 f:/atmel/studio/7.0/toolchain/avr8/avr8-gnu-toolchain/bin/../lib/gcc/avr/5.4.0/../../../../avr/lib/avr6\libm.a(fp_round.o)
 .bss           0x00000000        0x0 f:/atmel/studio/7.0/toolchain/avr8/avr8-gnu-toolchain/bin/../lib/gcc/avr/5.4.0/../../../../avr/lib/avr6\libm.a(fp_round.o)
 .text.avr-libc.fplib
                0x00000000       0x22 f:/atmel/studio/7.0/toolchain/avr8/avr8-gnu-toolchain/bin/../lib/gcc/avr/5.4.0/../../../../avr/lib/avr6\libm.a(fp_round.o)
 .text          0x00000000        0x0 f:/atmel/studio/7.0/toolchain/avr8/avr8-gnu-toolchain/bin/../lib/gcc/avr/5.4.0/../../../../avr/lib/avr6\libm.a(fp_split3.o)
 .data          0x00000000        0x0 f:/atmel/studio/7.0/toolchain/avr8/avr8-gnu-toolchain/bin/../lib/gcc/avr/5.4.0/../../../../avr/lib/avr6\libm.a(fp_split3.o)
 .bss           0x00000000        0x0 f:/atmel/studio/7.0/toolchain/avr8/avr8-gnu-toolchain/bin/../lib/gcc/avr/5.4.0/../../../../avr/lib/avr6\libm.a(fp_split3.o)
 .text.avr-libc.fplib
                0x00000000       0x44 f:/atmel/studio/7.0/toolchain/avr8/avr8-gnu-toolchain/bin/../lib/gcc/avr/5.4.0/../../../../avr/lib/avr6\libm.a(fp_split3.o)
 .text          0x00000000        0x0 f:/atmel/studio/7.0/toolchain/avr8/avr8-gnu-toolchain/bin/../lib/gcc/avr/5.4.0/../../../../avr/lib/avr6\libm.a(fp_zero.o)
 .data          0x00000000        0x0 f:/atmel/studio/7.0/toolchain/avr8/avr8-gnu-toolchain/bin/../lib/gcc/avr/5.4.0/../../../../avr/lib/avr6\libm.a(fp_zero.o)
 .bss           0x00000000        0x0 f:/atmel/studio/7.0/toolchain/avr8/avr8-gnu-toolchain/bin/../lib/gcc/avr/5.4.0/../../../../avr/lib/avr6\libm.a(fp_zero.o)
 .text.avr-libc.fplib
                0x00000000        0xe f:/atmel/studio/7.0/toolchain/avr8/avr8-gnu-toolchain/bin/../lib/gcc/avr/5.4.0/../../../../avr/lib/avr6\libm.a(fp_zero.o)
 .text          0x00000000        0x0 f:/atmel/studio/7.0/toolchain/avr8/avr8-gnu-toolchain/bin/../lib/gcc/avr/5.4.0/../../../../avr/lib/avr6\libm.a(gesf2.o)
 .data          0x00000000        0x0 f:/atmel/studio/7.0/toolchain/avr8/avr8-gnu-toolchain/bin/../lib/gcc/avr/5.4.0/../../../../avr/lib/avr6\libm.a(gesf2.o)
 .bss           0x00000000        0x0 f:/atmel/studio/7.0/toolchain/avr8/avr8-gnu-toolchain/bin/../lib/gcc/avr/5.4.0/../../../../avr/lib/avr6\libm.a(gesf2.o)
 .text.avr-libc.fplib
                0x00000000        0xa f:/atmel/studio/7.0/toolchain/avr8/avr8-gnu-toolchain/bin/../lib/gcc/avr/5.4.0/../../../../avr/lib/avr6\libm.a(gesf2.o)
 .text          0x00000000        0x0 f:/atmel/studio/7.0/toolchain/avr8/avr8-gnu-toolchain/bin/../lib/gcc/avr/5.4.0/../../../../avr/lib/avr6\libm.a(mulsf3.o)
 .data          0x00000000        0x0 f:/atmel/studio/7.0/toolchain/avr8/avr8-gnu-toolchain/bin/../lib/gcc/avr/5.4.0/../../../../avr/lib/avr6\libm.a(mulsf3.o)
 .bss           0x00000000        0x0 f:/atmel/studio/7.0/toolchain/avr8/avr8-gnu-toolchain/bin/../lib/gcc/avr/5.4.0/../../../../avr/lib/avr6\libm.a(mulsf3.o)
 .text.avr-libc.fplib
                0x00000000        0x8 f:/atmel/studio/7.0/toolchain/avr8/avr8-gnu-toolchain/bin/../lib/gcc/avr/5.4.0/../../../../avr/lib/avr6\libm.a(mulsf3.o)
 .text          0x00000000        0x0 f:/atmel/studio/7.0/toolchain/avr8/avr8-gnu-toolchain/bin/../lib/gcc/avr/5.4.0/../../../../avr/lib/avr6\libm.a(mulsf3x.o)
 .data          0x00000000        0x0 f:/atmel/studio/7.0/toolchain/avr8/avr8-gnu-toolchain/bin/../lib/gcc/avr/5.4.0/../../../../avr/lib/avr6\libm.a(mulsf3x.o)
 .bss           0x00000000        0x0 f:/atmel/studio/7.0/toolchain/avr8/avr8-gnu-toolchain/bin/../lib/gcc/avr/5.4.0/../../../../avr/lib/avr6\libm.a(mulsf3x.o)
 .text.avr-libc.fplib
                0x00000000       0xd2 f:/atmel/studio/7.0/toolchain/avr8/avr8-gnu-toolchain/bin/../lib/gcc/avr/5.4.0/../../../../avr/lib/avr6\libm.a(mulsf3x.o)
 .text          0x00000000        0x0 f:/atmel/studio/7.0/toolchain/avr8/avr8-gnu-toolchain/bin/../lib/gcc/avr/5.4.0/../../../../avr/lib/avr6\libm.a(unordsf2.o)
 .data          0x00000000        0x0 f:/atmel/studio/7.0/toolchain/avr8/avr8-gnu-toolchain/bin/../lib/gcc/avr/5.4.0/../../../../avr/lib/avr6\libm.a(unordsf2.o)
 .bss           0x00000000        0x0 f:/atmel/studio/7.0/toolchain/avr8/avr8-gnu-toolchain/bin/../lib/gcc/avr/5.4.0/../../../../avr/lib/avr6\libm.a(unordsf2.o)
 .text.avr-libc.fplib
                0x00000000        0xa f:/atmel/studio/7.0/toolchain/avr8/avr8-gnu-toolchain/bin/../lib/gcc/avr/5.4.0/../../../../avr/lib/avr6\libm.a(unordsf2.o)
 .text          0x00000000        0x0 f:/atmel/studio/7.0/toolchain/avr8/avr8-gnu-toolchain/bin/../lib/gcc/avr/5.4.0/avr6\libgcc.a(_udivmodsi4.o)
 .data          0x00000000        0x0 f:/atmel/studio/7.0/toolchain/avr8/avr8-gnu-toolchain/bin/../lib/gcc/avr/5.4.0/avr6\libgcc.a(_udivmodsi4.o)
 .bss           0x00000000        0x0 f:/atmel/studio/7.0/toolchain/avr8/avr8-gnu-toolchain/bin/../lib/gcc/avr/5.4.0/avr6\libgcc.a(_udivmodsi4.o)
 .text.libgcc.mul
                0x00000000        0x0 f:/atmel/studio/7.0/toolchain/avr8/avr8-gnu-toolchain/bin/../lib/gcc/avr/5.4.0/avr6\libgcc.a(_udivmodsi4.o)
 .text.libgcc.div
                0x00000000       0x44 f:/atmel/studio/7.0/toolchain/avr8/avr8-gnu-toolchain/bin/../lib/gcc/avr/5.4.0/avr6\libgcc.a(_udivmodsi4.o)
 .text.libgcc   0x00000000        0x0 f:/atmel/studio/7.0/toolchain/avr8/avr8-gnu-toolchain/bin/../lib/gcc/avr/5.4.0/avr6\libgcc.a(_udivmodsi4.o)
 .text.libgcc.prologue
                0x00000000        0x0 f:/atmel/studio/7.0/toolchain/avr8/avr8-gnu-toolchain/bin/../lib/gcc/avr/5.4.0/avr6\libgcc.a(_udivmodsi4.o)
 .text.libgcc.builtins
                0x00000000        0x0 f:/atmel/studio/7.0/toolchain/avr8/avr8-gnu-toolchain/bin/../lib/gcc/avr/5.4.0/avr6\libgcc.a(_udivmodsi4.o)
 .text.libgcc.fmul
                0x00000000        0x0 f:/atmel/studio/7.0/toolchain/avr8/avr8-gnu-toolchain/bin/../lib/gcc/avr/5.4.0/avr6\libgcc.a(_udivmodsi4.o)
 .text.libgcc.fixed
                0x00000000        0x0 f:/atmel/studio/7.0/toolchain/avr8/avr8-gnu-toolchain/bin/../lib/gcc/avr/5.4.0/avr6\libgcc.a(_udivmodsi4.o)
 .text          0x00000000        0x0 f:/atmel/studio/7.0/toolchain/avr8/avr8-gnu-toolchain/bin/../lib/gcc/avr/5.4.0/avr6\libgcc.a(_exit.o)
 .data          0x00000000        0x0 f:/atmel/studio/7.0/toolchain/avr8/avr8-gnu-toolchain/bin/../lib/gcc/avr/5.4.0/avr6\libgcc.a(_exit.o)
 .bss           0x00000000        0x0 f:/atmel/studio/7.0/toolchain/avr8/avr8-gnu-toolchain/bin/../lib/gcc/avr/5.4.0/avr6\libgcc.a(_exit.o)
 .text.libgcc.mul
                0x00000000        0x0 f:/atmel/studio/7.0/toolchain/avr8/avr8-gnu-toolchain/bin/../lib/gcc/avr/5.4.0/avr6\libgcc.a(_exit.o)
 .text.libgcc.div
                0x00000000        0x0 f:/atmel/studio/7.0/toolchain/avr8/avr8-gnu-toolchain/bin/../lib/gcc/avr/5.4.0/avr6\libgcc.a(_exit.o)
 .text.libgcc   0x00000000        0x0 f:/atmel/studio/7.0/toolchain/avr8/avr8-gnu-toolchain/bin/../lib/gcc/avr/5.4.0/avr6\libgcc.a(_exit.o)
 .text.libgcc.prologue
                0x00000000        0x0 f:/atmel/studio/7.0/toolchain/avr8/avr8-gnu-toolchain/bin/../lib/gcc/avr/5.4.0/avr6\libgcc.a(_exit.o)
 .text.libgcc.builtins
                0x00000000        0x0 f:/atmel/studio/7.0/toolchain/avr8/avr8-gnu-toolchain/bin/../lib/gcc/avr/5.4.0/avr6\libgcc.a(_exit.o)
 .text.libgcc.fmul
                0x00000000        0x0 f:/atmel/studio/7.0/toolchain/avr8/avr8-gnu-toolchain/bin/../lib/gcc/avr/5.4.0/avr6\libgcc.a(_exit.o)
 .text.libgcc.fixed
                0x00000000        0x0 f:/atmel/studio/7.0/toolchain/avr8/avr8-gnu-toolchain/bin/../lib/gcc/avr/5.4.0/avr6\libgcc.a(_exit.o)
 .text          0x00000000        0x0 f:/atmel/studio/7.0/toolchain/avr8/avr8-gnu-toolchain/bin/../lib/gcc/avr/5.4.0/avr6\libgcc.a(_tablejump2.o)
 .data          0x00000000        0x0 f:/atmel/studio/7.0/toolchain/avr8/avr8-gnu-toolchain/bin/../lib/gcc/avr/5.4.0/avr6\libgcc.a(_tablejump2.o)
 .bss           0x00000000        0x0 f:/atmel/studio/7.0/toolchain/avr8/avr8-gnu-toolchain/bin/../lib/gcc/avr/5.4.0/avr6\libgcc.a(_tablejump2.o)
 .text.libgcc.mul
                0x00000000        0x0 f:/atmel/studio/7.0/toolchain/avr8/avr8-gnu-toolchain/bin/../lib/gcc/avr/5.4.0/avr6\libgcc.a(_tablejump2.o)
 .text.libgcc.div
                0x00000000        0x0 f:/atmel/studio/7.0/toolchain/avr8/avr8-gnu-toolchain/bin/../lib/gcc/avr/5.4.0/avr6\libgcc.a(_tablejump2.o)
 .text.libgcc.prologue
                0x00000000        0x0 f:/atmel/studio/7.0/toolchain/avr8/avr8-gnu-toolchain/bin/../lib/gcc/avr/5.4.0/avr6\libgcc.a(_tablejump2.o)
 .text.libgcc.builtins
                0x00000000        0x0 f:/atmel/studio/7.0/toolchain/avr8/avr8-gnu-toolchain/bin/../lib/gcc/avr/5.4.0/avr6\libgcc.a(_tablejump2.o)
 .text.libgcc.fmul
                0x00000000        0x0 f:/atmel/studio/7.0/toolchain/avr8/avr8-gnu-toolchain/bin/../lib/gcc/avr/5.4.0/avr6\libgcc.a(_tablejump2.o)
 .text.libgcc.fixed
                0x00000000        0x0 f:/atmel/studio/7.0/toolchain/avr8/avr8-gnu-toolchain/bin/../lib/gcc/avr/5.4.0/avr6\libgcc.a(_tablejump2.o)
 .text          0x00000000        0x0 f:/atmel/studio/7.0/toolchain/avr8/avr8-gnu-toolchain/bin/../lib/gcc/avr/5.4.0/avr6\libgcc.a(_copy_data.o)
 .data          0x00000000        0x0 f:/atmel/studio/7.0/toolchain/avr8/avr8-gnu-toolchain/bin/../lib/gcc/avr/5.4.0/avr6\libgcc.a(_copy_data.o)
 .bss           0x00000000        0x0 f:/atmel/studio/7.0/toolchain/avr8/avr8-gnu-toolchain/bin/../lib/gcc/avr/5.4.0/avr6\libgcc.a(_copy_data.o)
 .text.libgcc.mul
                0x00000000        0x0 f:/atmel/studio/7.0/toolchain/avr8/avr8-gnu-toolchain/bin/../lib/gcc/avr/5.4.0/avr6\libgcc.a(_copy_data.o)
 .text.libgcc.div
                0x00000000        0x0 f:/atmel/studio/7.0/toolchain/avr8/avr8-gnu-toolchain/bin/../lib/gcc/avr/5.4.0/avr6\libgcc.a(_copy_data.o)
 .text.libgcc   0x00000000        0x0 f:/atmel/studio/7.0/toolchain/avr8/avr8-gnu-toolchain/bin/../lib/gcc/avr/5.4.0/avr6\libgcc.a(_copy_data.o)
 .text.libgcc.prologue
                0x00000000        0x0 f:/atmel/studio/7.0/toolchain/avr8/avr8-gnu-toolchain/bin/../lib/gcc/avr/5.4.0/avr6\libgcc.a(_copy_data.o)
 .text.libgcc.builtins
                0x00000000        0x0 f:/atmel/studio/7.0/toolchain/avr8/avr8-gnu-toolchain/bin/../lib/gcc/avr/5.4.0/avr6\libgcc.a(_copy_data.o)
 .text.libgcc.fmul
                0x00000000        0x0 f:/atmel/studio/7.0/toolchain/avr8/avr8-gnu-toolchain/bin/../lib/gcc/avr/5.4.0/avr6\libgcc.a(_copy_data.o)
 .text.libgcc.fixed
                0x00000000        0x0 f:/atmel/studio/7.0/toolchain/avr8/avr8-gnu-toolchain/bin/../lib/gcc/avr/5.4.0/avr6\libgcc.a(_copy_data.o)
 .text          0x00000000        0x0 f:/atmel/studio/7.0/toolchain/avr8/avr8-gnu-toolchain/bin/../lib/gcc/avr/5.4.0/avr6\libgcc.a(_clear_bss.o)
 .data          0x00000000        0x0 f:/atmel/studio/7.0/toolchain/avr8/avr8-gnu-toolchain/bin/../lib/gcc/avr/5.4.0/avr6\libgcc.a(_clear_bss.o)
 .bss           0x00000000        0x0 f:/atmel/studio/7.0/toolchain/avr8/avr8-gnu-toolchain/bin/../lib/gcc/avr/5.4.0/avr6\libgcc.a(_clear_bss.o)
 .text.libgcc.mul
                0x00000000        0x0 f:/atmel/studio/7.0/toolchain/avr8/avr8-gnu-toolchain/bin/../lib/gcc/avr/5.4.0/avr6\libgcc.a(_clear_bss.o)
 .text.libgcc.div
                0x00000000        0x0 f:/atmel/studio/7.0/toolchain/avr8/avr8-gnu-toolchain/bin/../lib/gcc/avr/5.4.0/avr6\libgcc.a(_clear_bss.o)
 .text.libgcc   0x00000000        0x0 f:/atmel/studio/7.0/toolchain/avr8/avr8-gnu-toolchain/bin/../lib/gcc/avr/5.4.0/avr6\libgcc.a(_clear_bss.o)
 .text.libgcc.prologue
                0x00000000        0x0 f:/atmel/studio/7.0/toolchain/avr8/avr8-gnu-toolchain/bin/../lib/gcc/avr/5.4.0/avr6\libgcc.a(_clear_bss.o)
 .text.libgcc.builtins
                0x00000000        0x0 f:/atmel/studio/7.0/toolchain/avr8/avr8-gnu-toolchain/bin/../lib/gcc/avr/5.4.0/avr6\libgcc.a(_clear_bss.o)
 .text.libgcc.fmul
                0x00000000        0x0 f:/atmel/studio/7.0/toolchain/avr8/avr8-gnu-toolchain/bin/../lib/gcc/avr/5.4.0/avr6\libgcc.a(_clear_bss.o)
 .text.libgcc.fixed
                0x00000000        0x0 f:/atmel/studio/7.0/toolchain/avr8/avr8-gnu-toolchain/bin/../lib/gcc/avr/5.4.0/avr6\libgcc.a(_clear_bss.o)
 .text          0x00000000        0x0 f:/atmel/studio/7.0/toolchain/avr8/avr8-gnu-toolchain/bin/../lib/gcc/avr/5.4.0/../../../../avr/lib/avr6\libc.a(malloc.o)
 .bss           0x00000000        0x0 f:/atmel/studio/7.0/toolchain/avr8/avr8-gnu-toolchain/bin/../lib/gcc/avr/5.4.0/../../../../avr/lib/avr6\libc.a(malloc.o)
 .text          0x00000000        0x0 f:/atmel/studio/7.0/toolchain/avr8/avr8-gnu-toolchain/bin/../lib/gcc/avr/5.4.0/../../../../avr/lib/avr6\libc.a(abort.o)
 .data          0x00000000        0x0 f:/atmel/studio/7.0/toolchain/avr8/avr8-gnu-toolchain/bin/../lib/gcc/avr/5.4.0/../../../../avr/lib/avr6\libc.a(abort.o)
 .bss           0x00000000        0x0 f:/atmel/studio/7.0/toolchain/avr8/avr8-gnu-toolchain/bin/../lib/gcc/avr/5.4.0/../../../../avr/lib/avr6\libc.a(abort.o)
 .text.avr-libc
                0x00000000        0xa f:/atmel/studio/7.0/toolchain/avr8/avr8-gnu-toolchain/bin/../lib/gcc/avr/5.4.0/../../../../avr/lib/avr6\libc.a(abort.o)

Memory Configuration

Name             Origin             Length             Attributes
text             0x00000000         0x00100000         xr
data             0x00800200         0x0000fe00         rw !x
eeprom           0x00810000         0x00010000         rw !x
fuse             0x00820000         0x00000003         rw !x
lock             0x00830000         0x00000400         rw !x
signature        0x00840000         0x00000400         rw !x
user_signatures  0x00850000         0x00000400         rw !x
*default*        0x00000000         0xffffffff

Linker script and memory map

Address of section .data set to 0x800200
LOAD F:/Atmel/Studio/7.0/Packs/atmel/ATmega_DFP/1.2.132/gcc/dev/atmega2560/avr6/crtatmega2560.o
LOAD analog_joystick.o
LOAD controller.o
LOAD led_shift_register.o
LOAD light_control_leds.o
LOAD LiquidCrystal.o
LOAD liquid_crystal_wrapper.o
LOAD sketch.o
LOAD tact_switch_board.o
START GROUP
LOAD f:/atmel/studio/7.0/toolchain/avr8/avr8-gnu-toolchain/bin/../lib/gcc/avr/5.4.0/../../../../avr/lib/avr6\libm.a
LOAD C:\Users\Bunchu\Documents\GitHub\RCController_v3\RCController_v3\ArduinoCore\Debug\libArduinoCore.a
END GROUP
LOAD f:/atmel/studio/7.0/toolchain/avr8/avr8-gnu-toolchain/bin/../lib/gcc/avr/5.4.0/avr6\libgcc.a
LOAD f:/atmel/studio/7.0/toolchain/avr8/avr8-gnu-toolchain/bin/../lib/gcc/avr/5.4.0/../../../../avr/lib/avr6\libm.a
START GROUP
LOAD f:/atmel/studio/7.0/toolchain/avr8/avr8-gnu-toolchain/bin/../lib/gcc/avr/5.4.0/avr6\libgcc.a
LOAD f:/atmel/studio/7.0/toolchain/avr8/avr8-gnu-toolchain/bin/../lib/gcc/avr/5.4.0/../../../../avr/lib/avr6\libm.a
LOAD f:/atmel/studio/7.0/toolchain/avr8/avr8-gnu-toolchain/bin/../lib/gcc/avr/5.4.0/../../../../avr/lib/avr6\libc.a
LOAD F:/Atmel/Studio/7.0/Packs/atmel/ATmega_DFP/1.2.132/gcc/dev/atmega2560/avr6\libatmega2560.a
END GROUP
                0x00100000                __TEXT_REGION_LENGTH__ = DEFINED (__TEXT_REGION_LENGTH__)?__TEXT_REGION_LENGTH__:0x100000
                0x0000fe00                __DATA_REGION_LENGTH__ = DEFINED (__DATA_REGION_LENGTH__)?__DATA_REGION_LENGTH__:0xfe00
                0x00010000                __EEPROM_REGION_LENGTH__ = DEFINED (__EEPROM_REGION_LENGTH__)?__EEPROM_REGION_LENGTH__:0x10000
                [0x00000003]                __FUSE_REGION_LENGTH__ = DEFINED (__FUSE_REGION_LENGTH__)?__FUSE_REGION_LENGTH__:0x400
                0x00000400                __LOCK_REGION_LENGTH__ = DEFINED (__LOCK_REGION_LENGTH__)?__LOCK_REGION_LENGTH__:0x400
                0x00000400                __SIGNATURE_REGION_LENGTH__ = DEFINED (__SIGNATURE_REGION_LENGTH__)?__SIGNATURE_REGION_LENGTH__:0x400
                0x00000400                __USER_SIGNATURE_REGION_LENGTH__ = DEFINED (__USER_SIGNATURE_REGION_LENGTH__)?__USER_SIGNATURE_REGION_LENGTH__:0x400

.hash
 *(.hash)

.dynsym
 *(.dynsym)

.dynstr
 *(.dynstr)

.gnu.version
 *(.gnu.version)

.gnu.version_d
 *(.gnu.version_d)

.gnu.version_r
 *(.gnu.version_r)

.rel.init
 *(.rel.init)

.rela.init
 *(.rela.init)

.rel.text
 *(.rel.text)
 *(.rel.text.*)
 *(.rel.gnu.linkonce.t*)

.rela.text
 *(.rela.text)
 *(.rela.text.*)
 *(.rela.gnu.linkonce.t*)

.rel.fini
 *(.rel.fini)

.rela.fini
 *(.rela.fini)

.rel.rodata
 *(.rel.rodata)
 *(.rel.rodata.*)
 *(.rel.gnu.linkonce.r*)

.rela.rodata
 *(.rela.rodata)
 *(.rela.rodata.*)
 *(.rela.gnu.linkonce.r*)

.rel.data
 *(.rel.data)
 *(.rel.data.*)
 *(.rel.gnu.linkonce.d*)

.rela.data
 *(.rela.data)
 *(.rela.data.*)
 *(.rela.gnu.linkonce.d*)

.rel.ctors
 *(.rel.ctors)

.rela.ctors
 *(.rela.ctors)

.rel.dtors
 *(.rel.dtors)

.rela.dtors
 *(.rela.dtors)

.rel.got
 *(.rel.got)

.rela.got
 *(.rela.got)

.rel.bss
 *(.rel.bss)

.rela.bss
 *(.rela.bss)

.rel.plt
 *(.rel.plt)

.rela.plt
 *(.rela.plt)

.text           0x00000000     0x14b6
 *(.vectors)
 .vectors       0x00000000       0xe4 F:/Atmel/Studio/7.0/Packs/atmel/ATmega_DFP/1.2.132/gcc/dev/atmega2560/avr6/crtatmega2560.o
                0x00000000                __vector_default
                0x00000000                __vectors
 *(.vectors)
 *(.progmem.gcc*)
 .progmem.gcc_sw_table.attachInterrupt
                0x000000e4        0xe C:\Users\Bunchu\Documents\GitHub\RCController_v3\RCController_v3\ArduinoCore\Debug\libArduinoCore.a(WInterrupts.o)
 .progmem.gcc_sw_table.turnOffPWM
                0x000000f2       0x24 C:\Users\Bunchu\Documents\GitHub\RCController_v3\RCController_v3\ArduinoCore\Debug\libArduinoCore.a(wiring_digital.o)
                0x00000116                . = ALIGN (0x2)
                0x00000116                __trampolines_start = .
 *(.trampolines)
 .trampolines   0x00000116        0x0 linker stubs
 *(.trampolines*)
                0x00000116                __trampolines_end = .
 *libprintf_flt.a:*(.progmem.data)
 *libc.a:*(.progmem.data)
 *(.progmem*)
 .progmem.data.digital_pin_to_timer_PGM
                0x00000116       0x46 C:\Users\Bunchu\Documents\GitHub\RCController_v3\RCController_v3\ArduinoCore\Debug\libArduinoCore.a(wiring_digital.o)
                0x00000116                digital_pin_to_timer_PGM
 .progmem.data.digital_pin_to_bit_mask_PGM
                0x0000015c       0x46 C:\Users\Bunchu\Documents\GitHub\RCController_v3\RCController_v3\ArduinoCore\Debug\libArduinoCore.a(wiring_digital.o)
                0x0000015c                digital_pin_to_bit_mask_PGM
 .progmem.data.digital_pin_to_port_PGM
                0x000001a2       0x46 C:\Users\Bunchu\Documents\GitHub\RCController_v3\RCController_v3\ArduinoCore\Debug\libArduinoCore.a(wiring_digital.o)
                0x000001a2                digital_pin_to_port_PGM
 .progmem.data.port_to_output_PGM
                0x000001e8       0x1a C:\Users\Bunchu\Documents\GitHub\RCController_v3\RCController_v3\ArduinoCore\Debug\libArduinoCore.a(wiring_digital.o)
                0x000001e8                port_to_output_PGM
 .progmem.data.port_to_mode_PGM
                0x00000202       0x1a C:\Users\Bunchu\Documents\GitHub\RCController_v3\RCController_v3\ArduinoCore\Debug\libArduinoCore.a(wiring_digital.o)
                0x00000202                port_to_mode_PGM
                0x0000021c                . = ALIGN (0x2)
 *(.jumptables)
 *(.jumptables*)
 *(.lowtext)
 *(.lowtext*)
                0x0000021c                __ctors_start = .
 *(.ctors)
                0x0000021c                __ctors_end = .
                0x0000021c                __dtors_start = .
 *(.dtors)
                0x0000021c                __dtors_end = .
 SORT(*)(.ctors)
 SORT(*)(.dtors)
 *(.init0)
 .init0         0x0000021c        0x0 F:/Atmel/Studio/7.0/Packs/atmel/ATmega_DFP/1.2.132/gcc/dev/atmega2560/avr6/crtatmega2560.o
                0x0000021c                __init
 *(.init0)
 *(.init1)
 *(.init1)
 *(.init2)
 .init2         0x0000021c       0x10 F:/Atmel/Studio/7.0/Packs/atmel/ATmega_DFP/1.2.132/gcc/dev/atmega2560/avr6/crtatmega2560.o
 *(.init2)
 *(.init3)
 *(.init3)
 *(.init4)
 .init4         0x0000022c       0x1a f:/atmel/studio/7.0/toolchain/avr8/avr8-gnu-toolchain/bin/../lib/gcc/avr/5.4.0/avr6\libgcc.a(_copy_data.o)
                0x0000022c                __do_copy_data
 .init4         0x00000246       0x10 f:/atmel/studio/7.0/toolchain/avr8/avr8-gnu-toolchain/bin/../lib/gcc/avr/5.4.0/avr6\libgcc.a(_clear_bss.o)
                0x00000246                __do_clear_bss
 *(.init4)
 *(.init5)
 *(.init5)
 *(.init6)
 *(.init6)
 *(.init7)
 *(.init7)
 *(.init8)
 *(.init8)
 *(.init9)
 .init9         0x00000256        0x6 F:/Atmel/Studio/7.0/Packs/atmel/ATmega_DFP/1.2.132/gcc/dev/atmega2560/avr6/crtatmega2560.o
 *(.init9)
 *(.text)
 .text          0x0000025c        0x2 F:/Atmel/Studio/7.0/Packs/atmel/ATmega_DFP/1.2.132/gcc/dev/atmega2560/avr6/crtatmega2560.o
                0x0000025c                __vector_38
                0x0000025c                __vector_22
                0x0000025c                __vector_28
                0x0000025c                __vector_32
                0x0000025c                __vector_34
                0x0000025c                __vector_24
                0x0000025c                __vector_12
                0x0000025c                __vector_55
                0x0000025c                __vector_46
                0x0000025c                __bad_interrupt
                0x0000025c                __vector_31
                0x0000025c                __vector_35
                0x0000025c                __vector_39
                0x0000025c                __vector_30
                0x0000025c                __vector_45
                0x0000025c                __vector_25
                0x0000025c                __vector_11
                0x0000025c                __vector_54
                0x0000025c                __vector_13
                0x0000025c                __vector_17
                0x0000025c                __vector_19
                0x0000025c                __vector_56
                0x0000025c                __vector_49
                0x0000025c                __vector_41
                0x0000025c                __vector_43
                0x0000025c                __vector_27
                0x0000025c                __vector_33
                0x0000025c                __vector_47
                0x0000025c                __vector_52
                0x0000025c                __vector_37
                0x0000025c                __vector_44
                0x0000025c                __vector_51
                0x0000025c                __vector_9
                0x0000025c                __vector_21
                0x0000025c                __vector_15
                0x0000025c                __vector_36
                0x0000025c                __vector_29
                0x0000025c                __vector_40
                0x0000025c                __vector_26
                0x0000025c                __vector_48
                0x0000025c                __vector_14
                0x0000025c                __vector_53
                0x0000025c                __vector_10
                0x0000025c                __vector_50
                0x0000025c                __vector_16
                0x0000025c                __vector_18
                0x0000025c                __vector_20
                0x0000025c                __vector_42
                0x0000025e                . = ALIGN (0x2)
 *(.text.*)
 .text.analog_joystick_create
                0x0000025e       0x34 analog_joystick.o
                0x0000025e                analog_joystick_create
 .text.controller_interrupt_joystick_left
                0x00000292        0x2 controller.o
                0x00000292                controller_interrupt_joystick_left
 .text.controller_interrupt_buttons
                0x00000294       0x52 controller.o
                0x00000294                controller_interrupt_buttons
 .text.controller_interrupt_joystick_right
                0x000002e6        0x2 controller.o
                0x000002e6                controller_interrupt_joystick_right
 .text.controller_initialize
                0x000002e8      0x136 controller.o
                0x000002e8                controller_initialize
 .text.led_shift_register_write
                0x0000041e       0x26 led_shift_register.o
 .text.led_shift_register_create
                0x00000444       0x7e led_shift_register.o
                0x00000444                led_shift_register_create
 .text.led_shift_register_reset
                0x000004c2        0xc led_shift_register.o
                0x000004c2                led_shift_register_reset
 .text.led_shift_register_test
                0x000004ce       0x36 led_shift_register.o
                0x000004ce                led_shift_register_test
 .text.led_shift_register_on
                0x00000504       0x12 led_shift_register.o
                0x00000504                led_shift_register_on
 .text.led_shift_register_off
                0x00000516       0x1e led_shift_register.o
                0x00000516                led_shift_register_off
 .text.light_control_leds_create
                0x00000534       0x34 light_control_leds.o
                0x00000534                light_control_leds_create
 .text.light_control_leds_next
                0x00000568       0x48 light_control_leds.o
                0x00000568                light_control_leds_next
 .text._ZN13LiquidCrystal11pulseEnableEv
                0x000005b0       0x2e LiquidCrystal.o
                0x000005b0                _ZN13LiquidCrystal11pulseEnableEv
 .text._ZN13LiquidCrystal10write4bitsEh
                0x000005de       0x56 LiquidCrystal.o
                0x000005de                _ZN13LiquidCrystal10write4bitsEh
 .text._ZN13LiquidCrystal10write8bitsEh
                0x00000634       0x56 LiquidCrystal.o
                0x00000634                _ZN13LiquidCrystal10write8bitsEh
 .text._ZN13LiquidCrystal4sendEhh
                0x0000068a       0x48 LiquidCrystal.o
                0x0000068a                _ZN13LiquidCrystal4sendEhh
 .text._ZN13LiquidCrystal7commandEh
                0x000006d2        0x4 LiquidCrystal.o
                0x000006d2                _ZN13LiquidCrystal7commandEh
 .text._ZN13LiquidCrystal5clearEv
                0x000006d6        0xa LiquidCrystal.o
                0x000006d6                _ZN13LiquidCrystal5clearEv
 .text._ZN13LiquidCrystal9setCursorEhh
                0x000006e0       0x24 LiquidCrystal.o
                0x000006e0                _ZN13LiquidCrystal9setCursorEhh
 .text._ZN13LiquidCrystal7displayEv
                0x00000704        0xe LiquidCrystal.o
                0x00000704                _ZN13LiquidCrystal7displayEv
 .text._ZN13LiquidCrystal5beginEhhh
                0x00000712      0x11a LiquidCrystal.o
                0x00000712                _ZN13LiquidCrystal5beginEhhh
 .text._ZN13LiquidCrystalC2Ehhhhhh
                0x0000082c       0x3e LiquidCrystal.o
                0x0000082c                _ZN13LiquidCrystalC1Ehhhhhh
                0x0000082c                _ZN13LiquidCrystalC2Ehhhhhh
 .text._ZN13LiquidCrystal5writeEh
                0x0000086a        0xa LiquidCrystal.o
                0x0000086a                _ZN13LiquidCrystal5writeEh
 .text.lcd_get  0x00000874       0x46 liquid_crystal_wrapper.o
                0x00000874                lcd_get
 .text.lcd_begin
                0x000008ba        0x4 liquid_crystal_wrapper.o
                0x000008ba                lcd_begin
 .text.lcd_clear
                0x000008be        0x2 liquid_crystal_wrapper.o
                0x000008be                lcd_clear
 .text.lcd_set_cursor
                0x000008c0        0x2 liquid_crystal_wrapper.o
                0x000008c0                lcd_set_cursor
 .text.lcd_print
                0x000008c2        0x2 liquid_crystal_wrapper.o
                0x000008c2                lcd_print
 .text.setup    0x000008c4        0x6 sketch.o
                0x000008c4                setup
 .text.loop     0x000008ca        0x2 sketch.o
                0x000008ca                loop
 .text.tact_switch_board_create
                0x000008cc       0x72 tact_switch_board.o
                0x000008cc                tact_switch_board_create
 .text.tact_switch_button_pressed
                0x0000093e       0x90 tact_switch_board.o
                0x0000093e                tact_switch_button_pressed
 .text.initVariant
                0x000009ce        0x2 C:\Users\Bunchu\Documents\GitHub\RCController_v3\RCController_v3\ArduinoCore\Debug\libArduinoCore.a(main.o)
                0x000009ce                initVariant
 .text.startup.main
                0x000009d0       0x16 C:\Users\Bunchu\Documents\GitHub\RCController_v3\RCController_v3\ArduinoCore\Debug\libArduinoCore.a(main.o)
                0x000009d0                main
 .text._Znwj    0x000009e6        0x2 C:\Users\Bunchu\Documents\GitHub\RCController_v3\RCController_v3\ArduinoCore\Debug\libArduinoCore.a(new.o)
                0x000009e6                _Znwj
 .text._ZN5Print5writeEPKhj
                0x000009e8       0x54 C:\Users\Bunchu\Documents\GitHub\RCController_v3\RCController_v3\ArduinoCore\Debug\libArduinoCore.a(Print.o)
                0x000009e8                _ZN5Print5writeEPKhj
 .text._ZN5Print5writeEPKc
                0x00000a3c       0x2a C:\Users\Bunchu\Documents\GitHub\RCController_v3\RCController_v3\ArduinoCore\Debug\libArduinoCore.a(Print.o)
                0x00000a3c                _ZN5Print5writeEPKc
 .text._ZN5Print5printEPKc
                0x00000a66        0x2 C:\Users\Bunchu\Documents\GitHub\RCController_v3\RCController_v3\ArduinoCore\Debug\libArduinoCore.a(Print.o)
                0x00000a66                _ZN5Print5printEPKc
 .text.nothing  0x00000a68        0x2 C:\Users\Bunchu\Documents\GitHub\RCController_v3\RCController_v3\ArduinoCore\Debug\libArduinoCore.a(WInterrupts.o)
 .text.attachInterrupt
                0x00000a6a       0xe6 C:\Users\Bunchu\Documents\GitHub\RCController_v3\RCController_v3\ArduinoCore\Debug\libArduinoCore.a(WInterrupts.o)
                0x00000a6a                attachInterrupt
 .text.__vector_1
                0x00000b50       0x56 C:\Users\Bunchu\Documents\GitHub\RCController_v3\RCController_v3\ArduinoCore\Debug\libArduinoCore.a(WInterrupts.o)
                0x00000b50                __vector_1
 .text.__vector_2
                0x00000ba6       0x56 C:\Users\Bunchu\Documents\GitHub\RCController_v3\RCController_v3\ArduinoCore\Debug\libArduinoCore.a(WInterrupts.o)
                0x00000ba6                __vector_2
 .text.__vector_3
                0x00000bfc       0x56 C:\Users\Bunchu\Documents\GitHub\RCController_v3\RCController_v3\ArduinoCore\Debug\libArduinoCore.a(WInterrupts.o)
                0x00000bfc                __vector_3
 .text.__vector_4
                0x00000c52       0x56 C:\Users\Bunchu\Documents\GitHub\RCController_v3\RCController_v3\ArduinoCore\Debug\libArduinoCore.a(WInterrupts.o)
                0x00000c52                __vector_4
 .text.__vector_5
                0x00000ca8       0x56 C:\Users\Bunchu\Documents\GitHub\RCController_v3\RCController_v3\ArduinoCore\Debug\libArduinoCore.a(WInterrupts.o)
                0x00000ca8                __vector_5
 .text.__vector_6
                0x00000cfe       0x56 C:\Users\Bunchu\Documents\GitHub\RCController_v3\RCController_v3\ArduinoCore\Debug\libArduinoCore.a(WInterrupts.o)
                0x00000cfe                __vector_6
 .text.__vector_7
                0x00000d54       0x56 C:\Users\Bunchu\Documents\GitHub\RCController_v3\RCController_v3\ArduinoCore\Debug\libArduinoCore.a(WInterrupts.o)
                0x00000d54                __vector_7
 .text.__vector_8
                0x00000daa       0x56 C:\Users\Bunchu\Documents\GitHub\RCController_v3\RCController_v3\ArduinoCore\Debug\libArduinoCore.a(WInterrupts.o)
                0x00000daa                __vector_8
 .text.__vector_23
                0x00000e00       0x94 C:\Users\Bunchu\Documents\GitHub\RCController_v3\RCController_v3\ArduinoCore\Debug\libArduinoCore.a(wiring.o)
                0x00000e00                __vector_23
 .text.micros   0x00000e94       0x4a C:\Users\Bunchu\Documents\GitHub\RCController_v3\RCController_v3\ArduinoCore\Debug\libArduinoCore.a(wiring.o)
                0x00000e94                micros
 .text.delay    0x00000ede       0x72 C:\Users\Bunchu\Documents\GitHub\RCController_v3\RCController_v3\ArduinoCore\Debug\libArduinoCore.a(wiring.o)
                0x00000ede                delay
 .text.delayMicroseconds
                0x00000f50       0x16 C:\Users\Bunchu\Documents\GitHub\RCController_v3\RCController_v3\ArduinoCore\Debug\libArduinoCore.a(wiring.o)
                0x00000f50                delayMicroseconds
 .text.init     0x00000f66       0xc4 C:\Users\Bunchu\Documents\GitHub\RCController_v3\RCController_v3\ArduinoCore\Debug\libArduinoCore.a(wiring.o)
                0x00000f66                init
 .text.analogRead
                0x0000102a       0x4a C:\Users\Bunchu\Documents\GitHub\RCController_v3\RCController_v3\ArduinoCore\Debug\libArduinoCore.a(wiring_analog.o)
                0x0000102a                analogRead
 .text.turnOffPWM
                0x00001074       0xaa C:\Users\Bunchu\Documents\GitHub\RCController_v3\RCController_v3\ArduinoCore\Debug\libArduinoCore.a(wiring_digital.o)
 .text.pinMode  0x0000111e       0x78 C:\Users\Bunchu\Documents\GitHub\RCController_v3\RCController_v3\ArduinoCore\Debug\libArduinoCore.a(wiring_digital.o)
                0x0000111e                pinMode
 .text.digitalWrite
                0x00001196       0x5c C:\Users\Bunchu\Documents\GitHub\RCController_v3\RCController_v3\ArduinoCore\Debug\libArduinoCore.a(wiring_digital.o)
                0x00001196                digitalWrite
 .text.shiftOut
                0x000011f2       0x6c C:\Users\Bunchu\Documents\GitHub\RCController_v3\RCController_v3\ArduinoCore\Debug\libArduinoCore.a(wiring_shift.o)
                0x000011f2                shiftOut
 .text.__empty  0x0000125e        0x2 C:\Users\Bunchu\Documents\GitHub\RCController_v3\RCController_v3\ArduinoCore\Debug\libArduinoCore.a(hooks.o)
                0x0000125e                yield
 .text.libgcc   0x00001260       0x10 f:/atmel/studio/7.0/toolchain/avr8/avr8-gnu-toolchain/bin/../lib/gcc/avr/5.4.0/avr6\libgcc.a(_tablejump2.o)
                0x00001260                __tablejump2__
 .text.avr-libc
                0x00001270      0x242 f:/atmel/studio/7.0/toolchain/avr8/avr8-gnu-toolchain/bin/../lib/gcc/avr/5.4.0/../../../../avr/lib/avr6\libc.a(malloc.o)
                0x00001270                malloc
                0x000013a0                free
                0x000014b2                . = ALIGN (0x2)
 *(.fini9)
 .fini9         0x000014b2        0x0 f:/atmel/studio/7.0/toolchain/avr8/avr8-gnu-toolchain/bin/../lib/gcc/avr/5.4.0/avr6\libgcc.a(_exit.o)
                0x000014b2                _exit
                0x000014b2                exit
 *(.fini9)
 *(.fini8)
 *(.fini8)
 *(.fini7)
 *(.fini7)
 *(.fini6)
 *(.fini6)
 *(.fini5)
 *(.fini5)
 *(.fini4)
 *(.fini4)
 *(.fini3)
 *(.fini3)
 *(.fini2)
 *(.fini2)
 *(.fini1)
 *(.fini1)
 *(.fini0)
 .fini0         0x000014b2        0x4 f:/atmel/studio/7.0/toolchain/avr8/avr8-gnu-toolchain/bin/../lib/gcc/avr/5.4.0/avr6\libgcc.a(_exit.o)
 *(.fini0)
                0x000014b6                _etext = .

.data           0x00800200       0x62 load address 0x000014b6
                0x00800200                PROVIDE (__data_start, .)
 *(.data)
 .data          0x00800200        0x6 f:/atmel/studio/7.0/toolchain/avr8/avr8-gnu-toolchain/bin/../lib/gcc/avr/5.4.0/../../../../avr/lib/avr6\libc.a(malloc.o)
                0x00800200                __malloc_heap_end
                0x00800202                __malloc_heap_start
                0x00800204                __malloc_margin
 *(.data*)
 .data.intFunc  0x00800206       0x10 C:\Users\Bunchu\Documents\GitHub\RCController_v3\RCController_v3\ArduinoCore\Debug\libArduinoCore.a(WInterrupts.o)
 .data.analog_reference
                0x00800216        0x1 C:\Users\Bunchu\Documents\GitHub\RCController_v3\RCController_v3\ArduinoCore\Debug\libArduinoCore.a(wiring_analog.o)
                0x00800216                analog_reference
 *(.rodata)
 .rodata        0x00800217       0x14 tact_switch_board.o
 *(.rodata*)
 .rodata.str1.1
                0x0080022b       0x2f controller.o
 .rodata._ZTV13LiquidCrystal
                0x0080025a        0x8 LiquidCrystal.o
                0x0080025a                _ZTV13LiquidCrystal
 *(.gnu.linkonce.d*)
                0x00800262                . = ALIGN (0x2)
                0x00800262                _edata = .
                0x00800262                PROVIDE (__data_end, .)

.bss            0x00800262       0x19
                0x00800262                PROVIDE (__bss_start, .)
 *(.bss)
 *(.bss*)
 .bss.timer0_fract
                0x00800262        0x1 C:\Users\Bunchu\Documents\GitHub\RCController_v3\RCController_v3\ArduinoCore\Debug\libArduinoCore.a(wiring.o)
 .bss.timer0_millis
                0x00800263        0x4 C:\Users\Bunchu\Documents\GitHub\RCController_v3\RCController_v3\ArduinoCore\Debug\libArduinoCore.a(wiring.o)
                0x00800263                timer0_millis
 .bss.timer0_overflow_count
                0x00800267        0x4 C:\Users\Bunchu\Documents\GitHub\RCController_v3\RCController_v3\ArduinoCore\Debug\libArduinoCore.a(wiring.o)
                0x00800267                timer0_overflow_count
 *(COMMON)
 COMMON         0x0080026b        0xc sketch.o
                0x0080026b                rc_controller
 COMMON         0x00800277        0x4 f:/atmel/studio/7.0/toolchain/avr8/avr8-gnu-toolchain/bin/../lib/gcc/avr/5.4.0/../../../../avr/lib/avr6\libc.a(malloc.o)
                0x00800277                __brkval
                0x00800279                __flp
                0x0080027b                PROVIDE (__bss_end, .)
                0x000014b6                __data_load_start = LOADADDR (.data)
                0x00001518                __data_load_end = (__data_load_start + SIZEOF (.data))

.noinit         0x0080027b        0x0
                [!provide]                PROVIDE (__noinit_start, .)
 *(.noinit*)
                [!provide]                PROVIDE (__noinit_end, .)
                0x0080027b                _end = .
                0x0080027b                PROVIDE (__heap_start, .)

.eeprom         0x00810000        0x0
 *(.eeprom*)
                0x00810000                __eeprom_end = .

.fuse
 *(.fuse)
 *(.lfuse)
 *(.hfuse)
 *(.efuse)

.lock
 *(.lock*)

.signature
 *(.signature*)

.user_signatures
 *(.user_signatures*)

.stab
 *(.stab)

.stabstr
 *(.stabstr)

.stab.excl
 *(.stab.excl)

.stab.exclstr
 *(.stab.exclstr)

.stab.index
 *(.stab.index)

.stab.indexstr
 *(.stab.indexstr)

.comment        0x00000000       0x30
 *(.comment)
 .comment       0x00000000       0x30 analog_joystick.o
                                 0x31 (size before relaxing)
 .comment       0x00000030       0x31 controller.o
 .comment       0x00000030       0x31 led_shift_register.o
 .comment       0x00000030       0x31 light_control_leds.o
 .comment       0x00000030       0x31 LiquidCrystal.o
 .comment       0x00000030       0x31 liquid_crystal_wrapper.o
 .comment       0x00000030       0x31 sketch.o
 .comment       0x00000030       0x31 tact_switch_board.o
 .comment       0x00000030       0x31 C:\Users\Bunchu\Documents\GitHub\RCController_v3\RCController_v3\ArduinoCore\Debug\libArduinoCore.a(main.o)
 .comment       0x00000030       0x31 C:\Users\Bunchu\Documents\GitHub\RCController_v3\RCController_v3\ArduinoCore\Debug\libArduinoCore.a(new.o)
 .comment       0x00000030       0x31 C:\Users\Bunchu\Documents\GitHub\RCController_v3\RCController_v3\ArduinoCore\Debug\libArduinoCore.a(Print.o)
 .comment       0x00000030       0x31 C:\Users\Bunchu\Documents\GitHub\RCController_v3\RCController_v3\ArduinoCore\Debug\libArduinoCore.a(WInterrupts.o)
 .comment       0x00000030       0x31 C:\Users\Bunchu\Documents\GitHub\RCController_v3\RCController_v3\ArduinoCore\Debug\libArduinoCore.a(wiring.o)
 .comment       0x00000030       0x31 C:\Users\Bunchu\Documents\GitHub\RCController_v3\RCController_v3\ArduinoCore\Debug\libArduinoCore.a(wiring_analog.o)
 .comment       0x00000030       0x31 C:\Users\Bunchu\Documents\GitHub\RCController_v3\RCController_v3\ArduinoCore\Debug\libArduinoCore.a(wiring_digital.o)
 .comment       0x00000030       0x31 C:\Users\Bunchu\Documents\GitHub\RCController_v3\RCController_v3\ArduinoCore\Debug\libArduinoCore.a(wiring_shift.o)
 .comment       0x00000030       0x31 C:\Users\Bunchu\Documents\GitHub\RCController_v3\RCController_v3\ArduinoCore\Debug\libArduinoCore.a(hooks.o)
 .comment       0x00000030       0x31 f:/atmel/studio/7.0/toolchain/avr8/avr8-gnu-toolchain/bin/../lib/gcc/avr/5.4.0/../../../../avr/lib/avr6\libc.a(malloc.o)

.note.gnu.avr.deviceinfo
                0x00000000       0x40
 .note.gnu.avr.deviceinfo
                0x00000000       0x40 F:/Atmel/Studio/7.0/Packs/atmel/ATmega_DFP/1.2.132/gcc/dev/atmega2560/avr6/crtatmega2560.o

.note.gnu.build-id
 *(.note.gnu.build-id)

.debug
 *(.debug)

.line
 *(.line)

.debug_srcinfo
 *(.debug_srcinfo)

.debug_sfnames
 *(.debug_sfnames)

.debug_aranges  0x00000000      0x520
 *(.debug_aranges)
 .debug_aranges
                0x00000000       0x20 analog_joystick.o
 .debug_aranges
                0x00000020       0x38 controller.o
 .debug_aranges
                0x00000058       0x48 led_shift_register.o
 .debug_aranges
                0x000000a0       0x28 light_control_leds.o
 .debug_aranges
                0x000000c8      0x110 LiquidCrystal.o
 .debug_aranges
                0x000001d8       0x48 liquid_crystal_wrapper.o
 .debug_aranges
                0x00000220       0x28 sketch.o
 .debug_aranges
                0x00000248       0x28 tact_switch_board.o
 .debug_aranges
                0x00000270       0x30 C:\Users\Bunchu\Documents\GitHub\RCController_v3\RCController_v3\ArduinoCore\Debug\libArduinoCore.a(main.o)
 .debug_aranges
                0x000002a0       0x28 C:\Users\Bunchu\Documents\GitHub\RCController_v3\RCController_v3\ArduinoCore\Debug\libArduinoCore.a(new.o)
 .debug_aranges
                0x000002c8       0xf0 C:\Users\Bunchu\Documents\GitHub\RCController_v3\RCController_v3\ArduinoCore\Debug\libArduinoCore.a(Print.o)
 .debug_aranges
                0x000003b8       0x70 C:\Users\Bunchu\Documents\GitHub\RCController_v3\RCController_v3\ArduinoCore\Debug\libArduinoCore.a(WInterrupts.o)
 .debug_aranges
                0x00000428       0x48 C:\Users\Bunchu\Documents\GitHub\RCController_v3\RCController_v3\ArduinoCore\Debug\libArduinoCore.a(wiring.o)
 .debug_aranges
                0x00000470       0x30 C:\Users\Bunchu\Documents\GitHub\RCController_v3\RCController_v3\ArduinoCore\Debug\libArduinoCore.a(wiring_analog.o)
 .debug_aranges
                0x000004a0       0x38 C:\Users\Bunchu\Documents\GitHub\RCController_v3\RCController_v3\ArduinoCore\Debug\libArduinoCore.a(wiring_digital.o)
 .debug_aranges
                0x000004d8       0x28 C:\Users\Bunchu\Documents\GitHub\RCController_v3\RCController_v3\ArduinoCore\Debug\libArduinoCore.a(wiring_shift.o)
 .debug_aranges
                0x00000500       0x20 C:\Users\Bunchu\Documents\GitHub\RCController_v3\RCController_v3\ArduinoCore\Debug\libArduinoCore.a(hooks.o)

.debug_pubnames
 *(.debug_pubnames)

.debug_info     0x00000000     0x870a
 *(.debug_info .gnu.linkonce.wi.*)
 .debug_info    0x00000000      0xbbc F:/Atmel/Studio/7.0/Packs/atmel/ATmega_DFP/1.2.132/gcc/dev/atmega2560/avr6/crtatmega2560.o
 .debug_info    0x00000bbc      0x10e analog_joystick.o
 .debug_info    0x00000cca      0x93a controller.o
 .debug_info    0x00001604      0x58a led_shift_register.o
 .debug_info    0x00001b8e      0x376 light_control_leds.o
 .debug_info    0x00001f04     0x1d0c LiquidCrystal.o
 .debug_info    0x00003c10      0x3e2 liquid_crystal_wrapper.o
 .debug_info    0x00003ff2      0x4cf sketch.o
 .debug_info    0x000044c1      0x37c tact_switch_board.o
 .debug_info    0x0000483d      0x295 C:\Users\Bunchu\Documents\GitHub\RCController_v3\RCController_v3\ArduinoCore\Debug\libArduinoCore.a(main.o)
 .debug_info    0x00004ad2      0x11c C:\Users\Bunchu\Documents\GitHub\RCController_v3\RCController_v3\ArduinoCore\Debug\libArduinoCore.a(new.o)
 .debug_info    0x00004bee     0x28bc C:\Users\Bunchu\Documents\GitHub\RCController_v3\RCController_v3\ArduinoCore\Debug\libArduinoCore.a(Print.o)
 .debug_info    0x000074aa      0x301 C:\Users\Bunchu\Documents\GitHub\RCController_v3\RCController_v3\ArduinoCore\Debug\libArduinoCore.a(WInterrupts.o)
 .debug_info    0x000077ab      0x329 C:\Users\Bunchu\Documents\GitHub\RCController_v3\RCController_v3\ArduinoCore\Debug\libArduinoCore.a(wiring.o)
 .debug_info    0x00007ad4      0x2cd C:\Users\Bunchu\Documents\GitHub\RCController_v3\RCController_v3\ArduinoCore\Debug\libArduinoCore.a(wiring_analog.o)
 .debug_info    0x00007da1      0x63a C:\Users\Bunchu\Documents\GitHub\RCController_v3\RCController_v3\ArduinoCore\Debug\libArduinoCore.a(wiring_digital.o)
 .debug_info    0x000083db      0x2f1 C:\Users\Bunchu\Documents\GitHub\RCController_v3\RCController_v3\ArduinoCore\Debug\libArduinoCore.a(wiring_shift.o)
 .debug_info    0x000086cc       0x3e C:\Users\Bunchu\Documents\GitHub\RCController_v3\RCController_v3\ArduinoCore\Debug\libArduinoCore.a(hooks.o)

.debug_abbrev   0x00000000     0x24dd
 *(.debug_abbrev)
 .debug_abbrev  0x00000000      0xb1a F:/Atmel/Studio/7.0/Packs/atmel/ATmega_DFP/1.2.132/gcc/dev/atmega2560/avr6/crtatmega2560.o
 .debug_abbrev  0x00000b1a       0xc3 analog_joystick.o
 .debug_abbrev  0x00000bdd      0x1e7 controller.o
 .debug_abbrev  0x00000dc4      0x1ce led_shift_register.o
 .debug_abbrev  0x00000f92      0x164 light_control_leds.o
 .debug_abbrev  0x000010f6      0x393 LiquidCrystal.o
 .debug_abbrev  0x00001489      0x13e liquid_crystal_wrapper.o
 .debug_abbrev  0x000015c7      0x136 sketch.o
 .debug_abbrev  0x000016fd      0x13a tact_switch_board.o
 .debug_abbrev  0x00001837      0x12d C:\Users\Bunchu\Documents\GitHub\RCController_v3\RCController_v3\ArduinoCore\Debug\libArduinoCore.a(main.o)
 .debug_abbrev  0x00001964       0xce C:\Users\Bunchu\Documents\GitHub\RCController_v3\RCController_v3\ArduinoCore\Debug\libArduinoCore.a(new.o)
 .debug_abbrev  0x00001a32      0x469 C:\Users\Bunchu\Documents\GitHub\RCController_v3\RCController_v3\ArduinoCore\Debug\libArduinoCore.a(Print.o)
 .debug_abbrev  0x00001e9b       0xed C:\Users\Bunchu\Documents\GitHub\RCController_v3\RCController_v3\ArduinoCore\Debug\libArduinoCore.a(WInterrupts.o)
 .debug_abbrev  0x00001f88      0x146 C:\Users\Bunchu\Documents\GitHub\RCController_v3\RCController_v3\ArduinoCore\Debug\libArduinoCore.a(wiring.o)
 .debug_abbrev  0x000020ce      0x17a C:\Users\Bunchu\Documents\GitHub\RCController_v3\RCController_v3\ArduinoCore\Debug\libArduinoCore.a(wiring_analog.o)
 .debug_abbrev  0x00002248      0x15a C:\Users\Bunchu\Documents\GitHub\RCController_v3\RCController_v3\ArduinoCore\Debug\libArduinoCore.a(wiring_digital.o)
 .debug_abbrev  0x000023a2      0x111 C:\Users\Bunchu\Documents\GitHub\RCController_v3\RCController_v3\ArduinoCore\Debug\libArduinoCore.a(wiring_shift.o)
 .debug_abbrev  0x000024b3       0x2a C:\Users\Bunchu\Documents\GitHub\RCController_v3\RCController_v3\ArduinoCore\Debug\libArduinoCore.a(hooks.o)

.debug_line     0x00000000     0x2be0
 *(.debug_line .debug_line.* .debug_line_end)
 .debug_line    0x00000000      0x1f9 F:/Atmel/Studio/7.0/Packs/atmel/ATmega_DFP/1.2.132/gcc/dev/atmega2560/avr6/crtatmega2560.o
 .debug_line    0x000001f9       0xc3 analog_joystick.o
 .debug_line    0x000002bc      0x2de controller.o
 .debug_line    0x0000059a      0x25e led_shift_register.o
 .debug_line    0x000007f8      0x1b8 light_control_leds.o
 .debug_line    0x000009b0      0x8ac LiquidCrystal.o
 .debug_line    0x0000125c      0x1cb liquid_crystal_wrapper.o
 .debug_line    0x00001427      0x180 sketch.o
 .debug_line    0x000015a7      0x1b3 tact_switch_board.o
 .debug_line    0x0000175a      0x14d C:\Users\Bunchu\Documents\GitHub\RCController_v3\RCController_v3\ArduinoCore\Debug\libArduinoCore.a(main.o)
 .debug_line    0x000018a7      0x107 C:\Users\Bunchu\Documents\GitHub\RCController_v3\RCController_v3\ArduinoCore\Debug\libArduinoCore.a(new.o)
 .debug_line    0x000019ae      0x5fa C:\Users\Bunchu\Documents\GitHub\RCController_v3\RCController_v3\ArduinoCore\Debug\libArduinoCore.a(Print.o)
 .debug_line    0x00001fa8      0x2c6 C:\Users\Bunchu\Documents\GitHub\RCController_v3\RCController_v3\ArduinoCore\Debug\libArduinoCore.a(WInterrupts.o)
 .debug_line    0x0000226e      0x2b7 C:\Users\Bunchu\Documents\GitHub\RCController_v3\RCController_v3\ArduinoCore\Debug\libArduinoCore.a(wiring.o)
 .debug_line    0x00002525      0x2b0 C:\Users\Bunchu\Documents\GitHub\RCController_v3\RCController_v3\ArduinoCore\Debug\libArduinoCore.a(wiring_analog.o)
 .debug_line    0x000027d5      0x270 C:\Users\Bunchu\Documents\GitHub\RCController_v3\RCController_v3\ArduinoCore\Debug\libArduinoCore.a(wiring_digital.o)
 .debug_line    0x00002a45      0x15a C:\Users\Bunchu\Documents\GitHub\RCController_v3\RCController_v3\ArduinoCore\Debug\libArduinoCore.a(wiring_shift.o)
 .debug_line    0x00002b9f       0x41 C:\Users\Bunchu\Documents\GitHub\RCController_v3\RCController_v3\ArduinoCore\Debug\libArduinoCore.a(hooks.o)

.debug_frame    0x00000000     0x1024
 *(.debug_frame)
 .debug_frame   0x00000000       0x44 analog_joystick.o
 .debug_frame   0x00000044       0x94 controller.o
 .debug_frame   0x000000d8       0xc4 led_shift_register.o
 .debug_frame   0x0000019c       0x4c light_control_leds.o
 .debug_frame   0x000001e8      0x384 LiquidCrystal.o
 .debug_frame   0x0000056c       0xa4 liquid_crystal_wrapper.o
 .debug_frame   0x00000610       0x34 sketch.o
 .debug_frame   0x00000644       0x64 tact_switch_board.o
 .debug_frame   0x000006a8       0x54 C:\Users\Bunchu\Documents\GitHub\RCController_v3\RCController_v3\ArduinoCore\Debug\libArduinoCore.a(main.o)
 .debug_frame   0x000006fc       0x54 C:\Users\Bunchu\Documents\GitHub\RCController_v3\RCController_v3\ArduinoCore\Debug\libArduinoCore.a(new.o)
 .debug_frame   0x00000750      0x38c C:\Users\Bunchu\Documents\GitHub\RCController_v3\RCController_v3\ArduinoCore\Debug\libArduinoCore.a(Print.o)
 .debug_frame   0x00000adc      0x304 C:\Users\Bunchu\Documents\GitHub\RCController_v3\RCController_v3\ArduinoCore\Debug\libArduinoCore.a(WInterrupts.o)
 .debug_frame   0x00000de0       0xc4 C:\Users\Bunchu\Documents\GitHub\RCController_v3\RCController_v3\ArduinoCore\Debug\libArduinoCore.a(wiring.o)
 .debug_frame   0x00000ea4       0x54 C:\Users\Bunchu\Documents\GitHub\RCController_v3\RCController_v3\ArduinoCore\Debug\libArduinoCore.a(wiring_analog.o)
 .debug_frame   0x00000ef8       0x7c C:\Users\Bunchu\Documents\GitHub\RCController_v3\RCController_v3\ArduinoCore\Debug\libArduinoCore.a(wiring_digital.o)
 .debug_frame   0x00000f74       0x8c C:\Users\Bunchu\Documents\GitHub\RCController_v3\RCController_v3\ArduinoCore\Debug\libArduinoCore.a(wiring_shift.o)
 .debug_frame   0x00001000       0x24 C:\Users\Bunchu\Documents\GitHub\RCController_v3\RCController_v3\ArduinoCore\Debug\libArduinoCore.a(hooks.o)

.debug_str      0x00000000     0x25ab
 *(.debug_str)
 .debug_str     0x00000000      0x3e6 F:/Atmel/Studio/7.0/Packs/atmel/ATmega_DFP/1.2.132/gcc/dev/atmega2560/avr6/crtatmega2560.o
 .debug_str     0x000003e6      0x199 analog_joystick.o
                                0x1b8 (size before relaxing)
 .debug_str     0x0000057f      0x42b controller.o
                                0x62f (size before relaxing)
 .debug_str     0x000009aa       0x81 led_shift_register.o
                                0x386 (size before relaxing)
 .debug_str     0x00000a2b       0x27 light_control_leds.o
                                0x366 (size before relaxing)
 .debug_str     0x00000a52      0x85a LiquidCrystal.o
                                0x99b (size before relaxing)
 .debug_str     0x000012ac       0x47 liquid_crystal_wrapper.o
                                0x34b (size before relaxing)
 .debug_str     0x000012f3       0x19 sketch.o
                                0x496 (size before relaxing)
 .debug_str     0x0000130c       0x27 tact_switch_board.o
                                0x344 (size before relaxing)
 .debug_str     0x00001333       0xad C:\Users\Bunchu\Documents\GitHub\RCController_v3\RCController_v3\ArduinoCore\Debug\libArduinoCore.a(main.o)
                                0x2ba (size before relaxing)
 .debug_str     0x000013e0       0x44 C:\Users\Bunchu\Documents\GitHub\RCController_v3\RCController_v3\ArduinoCore\Debug\libArduinoCore.a(new.o)
                                0x1d0 (size before relaxing)
 .debug_str     0x00001424      0xef4 C:\Users\Bunchu\Documents\GitHub\RCController_v3\RCController_v3\ArduinoCore\Debug\libArduinoCore.a(Print.o)
                               0x11ff (size before relaxing)
 .debug_str     0x00002318       0xb4 C:\Users\Bunchu\Documents\GitHub\RCController_v3\RCController_v3\ArduinoCore\Debug\libArduinoCore.a(WInterrupts.o)
                                0x27f (size before relaxing)
 .debug_str     0x000023cc       0x76 C:\Users\Bunchu\Documents\GitHub\RCController_v3\RCController_v3\ArduinoCore\Debug\libArduinoCore.a(wiring.o)
                                0x250 (size before relaxing)
 .debug_str     0x00002442       0x67 C:\Users\Bunchu\Documents\GitHub\RCController_v3\RCController_v3\ArduinoCore\Debug\libArduinoCore.a(wiring_analog.o)
                                0x254 (size before relaxing)
 .debug_str     0x000024a9       0xa9 C:\Users\Bunchu\Documents\GitHub\RCController_v3\RCController_v3\ArduinoCore\Debug\libArduinoCore.a(wiring_digital.o)
                                0x2b5 (size before relaxing)
 .debug_str     0x00002552       0x3d C:\Users\Bunchu\Documents\GitHub\RCController_v3\RCController_v3\ArduinoCore\Debug\libArduinoCore.a(wiring_shift.o)
                                0x212 (size before relaxing)
 .debug_str     0x0000258f       0x1c C:\Users\Bunchu\Documents\GitHub\RCController_v3\RCController_v3\ArduinoCore\Debug\libArduinoCore.a(hooks.o)
                                0x145 (size before relaxing)

.debug_loc      0x00000000     0x58ca
 *(.debug_loc)
 .debug_loc     0x00000000       0xff analog_joystick.o
 .debug_loc     0x000000ff      0x154 controller.o
 .debug_loc     0x00000253      0x3a0 led_shift_register.o
 .debug_loc     0x000005f3       0xfd light_control_leds.o
 .debug_loc     0x000006f0     0x1c4e LiquidCrystal.o
 .debug_loc     0x0000233e      0x2fa liquid_crystal_wrapper.o
 .debug_loc     0x00002638      0x1f5 tact_switch_board.o
 .debug_loc     0x0000282d       0x4c C:\Users\Bunchu\Documents\GitHub\RCController_v3\RCController_v3\ArduinoCore\Debug\libArduinoCore.a(new.o)
 .debug_loc     0x00002879     0x1c61 C:\Users\Bunchu\Documents\GitHub\RCController_v3\RCController_v3\ArduinoCore\Debug\libArduinoCore.a(Print.o)
 .debug_loc     0x000044da      0x7f5 C:\Users\Bunchu\Documents\GitHub\RCController_v3\RCController_v3\ArduinoCore\Debug\libArduinoCore.a(WInterrupts.o)
 .debug_loc     0x00004ccf      0x28d C:\Users\Bunchu\Documents\GitHub\RCController_v3\RCController_v3\ArduinoCore\Debug\libArduinoCore.a(wiring.o)
 .debug_loc     0x00004f5c      0x11c C:\Users\Bunchu\Documents\GitHub\RCController_v3\RCController_v3\ArduinoCore\Debug\libArduinoCore.a(wiring_analog.o)
 .debug_loc     0x00005078      0x56b C:\Users\Bunchu\Documents\GitHub\RCController_v3\RCController_v3\ArduinoCore\Debug\libArduinoCore.a(wiring_digital.o)
 .debug_loc     0x000055e3      0x2e7 C:\Users\Bunchu\Documents\GitHub\RCController_v3\RCController_v3\ArduinoCore\Debug\libArduinoCore.a(wiring_shift.o)

.debug_macinfo
 *(.debug_macinfo)

.debug_weaknames
 *(.debug_weaknames)

.debug_funcnames
 *(.debug_funcnames)

.debug_typenames
 *(.debug_typenames)

.debug_varnames
 *(.debug_varnames)

.debug_pubtypes
 *(.debug_pubtypes)

.debug_ranges   0x00000000      0x4d0
 *(.debug_ranges)
 .debug_ranges  0x00000000       0x10 analog_joystick.o
 .debug_ranges  0x00000010       0x40 controller.o
 .debug_ranges  0x00000050       0x38 led_shift_register.o
 .debug_ranges  0x00000088       0x18 light_control_leds.o
 .debug_ranges  0x000000a0      0x178 LiquidCrystal.o
 .debug_ranges  0x00000218       0x38 liquid_crystal_wrapper.o
 .debug_ranges  0x00000250       0x18 sketch.o
 .debug_ranges  0x00000268       0x18 tact_switch_board.o
 .debug_ranges  0x00000280       0x20 C:\Users\Bunchu\Documents\GitHub\RCController_v3\RCController_v3\ArduinoCore\Debug\libArduinoCore.a(main.o)
 .debug_ranges  0x000002a0       0x18 C:\Users\Bunchu\Documents\GitHub\RCController_v3\RCController_v3\ArduinoCore\Debug\libArduinoCore.a(new.o)
 .debug_ranges  0x000002b8      0x110 C:\Users\Bunchu\Documents\GitHub\RCController_v3\RCController_v3\ArduinoCore\Debug\libArduinoCore.a(Print.o)
 .debug_ranges  0x000003c8       0x60 C:\Users\Bunchu\Documents\GitHub\RCController_v3\RCController_v3\ArduinoCore\Debug\libArduinoCore.a(WInterrupts.o)
 .debug_ranges  0x00000428       0x38 C:\Users\Bunchu\Documents\GitHub\RCController_v3\RCController_v3\ArduinoCore\Debug\libArduinoCore.a(wiring.o)
 .debug_ranges  0x00000460       0x20 C:\Users\Bunchu\Documents\GitHub\RCController_v3\RCController_v3\ArduinoCore\Debug\libArduinoCore.a(wiring_analog.o)
 .debug_ranges  0x00000480       0x28 C:\Users\Bunchu\Documents\GitHub\RCController_v3\RCController_v3\ArduinoCore\Debug\libArduinoCore.a(wiring_digital.o)
 .debug_ranges  0x000004a8       0x18 C:\Users\Bunchu\Documents\GitHub\RCController_v3\RCController_v3\ArduinoCore\Debug\libArduinoCore.a(wiring_shift.o)
 .debug_ranges  0x000004c0       0x10 C:\Users\Bunchu\Documents\GitHub\RCController_v3\RCController_v3\ArduinoCore\Debug\libArduinoCore.a(hooks.o)

.debug_macro
 *(.debug_macro)
OUTPUT(RCController.elf elf32-avr)
LOAD linker stubs
